May  7 16:49:02 centos8101 rsyslogd[1039]: [origin software="rsyslogd" swVersion="8.37.0-13.el8" x-pid="1039" x-info="http://www.rsyslog.com"] rsyslogd was HUPed
May  7 17:13:34 centos8101 cupsd[919]: REQUEST localhost - - "POST / HTTP/1.1" 200 183 Renew-Subscription client-error-not-found
May  7 17:18:42 centos8101 systemd[1]: Starting dnf makecache...
May  7 17:18:42 centos8101 dnf[3805]: Metadata cache refreshed recently.
May  7 17:18:42 centos8101 systemd[1]: Started dnf makecache.
May  7 17:41:19 centos8101 cupsd[919]: REQUEST localhost - - "POST / HTTP/1.1" 200 184 Renew-Subscription client-error-not-found
May  7 18:06:02 centos8101 dbus-daemon[879]: [system] Activating via systemd: service name='org.freedesktop.hostname1' unit='dbus-org.freedesktop.hostname1.service' requested by ':1.1968' (uid=0 pid=4299 comm="hostnamectl ")
May  7 18:06:02 centos8101 systemd[1]: Starting Hostname Service...
May  7 18:06:02 centos8101 dbus-daemon[879]: [system] Successfully activated service 'org.freedesktop.hostname1'
May  7 18:06:02 centos8101 systemd[1]: Started Hostname Service.
May  7 18:11:18 centos8101 dbus-daemon[879]: [system] Activating via systemd: service name='org.freedesktop.hostname1' unit='dbus-org.freedesktop.hostname1.service' requested by ':1.1970' (uid=0 pid=4544 comm="hostnamectl ")
May  7 18:11:18 centos8101 systemd[1]: Starting Hostname Service...
May  7 18:11:18 centos8101 dbus-daemon[879]: [system] Successfully activated service 'org.freedesktop.hostname1'
May  7 18:11:18 centos8101 systemd[1]: Started Hostname Service.
May  7 18:11:54 centos8101 cupsd[919]: REQUEST localhost - - "POST / HTTP/1.1" 200 183 Renew-Subscription client-error-not-found
May  7 18:19:02 centos8101 systemd[1]: Starting dnf makecache...
May  7 18:19:02 centos8101 dnf[4966]: CentOS-BASE                                     0.0  B/s |   0  B     00:00
May  7 18:19:02 centos8101 dnf[4966]: Failed to download metadata for repo 'DVD-Base'
May  7 18:19:02 centos8101 dnf[4966]: Error: Failed to download metadata for repo 'DVD-Base'
May  7 18:19:02 centos8101 systemd[1]: dnf-makecache.service: Main process exited, code=exited, status=1/FAILURE
May  7 18:19:02 centos8101 systemd[1]: dnf-makecache.service: Failed with result 'exit-code'.
May  7 18:19:02 centos8101 systemd[1]: Failed to start dnf makecache.
May  7 18:24:09 centos8101 dbus-daemon[879]: [system] Activating via systemd: service name='org.freedesktop.hostname1' unit='dbus-org.freedesktop.hostname1.service' requested by ':1.1974' (uid=0 pid=5118 comm="hostnamectl ")
May  7 18:24:09 centos8101 systemd[1]: Starting Hostname Service...
May  7 18:24:09 centos8101 dbus-daemon[879]: [system] Successfully activated service 'org.freedesktop.hostname1'
May  7 18:24:09 centos8101 systemd[1]: Started Hostname Service.
May  7 18:30:59 centos8101 dbus-daemon[879]: [system] Activating via systemd: service name='org.freedesktop.hostname1' unit='dbus-org.freedesktop.hostname1.service' requested by ':1.1976' (uid=0 pid=5392 comm="hostnamectl ")
May  7 18:30:59 centos8101 systemd[1]: Starting Hostname Service...
May  7 18:30:59 centos8101 dbus-daemon[879]: [system] Successfully activated service 'org.freedesktop.hostname1'
May  7 18:30:59 centos8101 systemd[1]: Started Hostname Service.
May  7 18:32:21 centos8101 dbus-daemon[879]: [system] Activating via systemd: service name='org.freedesktop.hostname1' unit='dbus-org.freedesktop.hostname1.service' requested by ':1.1978' (uid=0 pid=5609 comm="hostnamectl ")
May  7 18:32:21 centos8101 systemd[1]: Starting Hostname Service...
May  7 18:32:21 centos8101 dbus-daemon[879]: [system] Successfully activated service 'org.freedesktop.hostname1'
May  7 18:32:21 centos8101 systemd[1]: Started Hostname Service.
May  7 18:37:02 centos8101 systemd[1]: Starting Cleanup of Temporary Directories...
May  7 18:37:02 centos8101 systemd-tmpfiles[5864]: [/usr/lib/tmpfiles.d/mdadm.conf:1] Line references path below legacy directory /var/run/, updating /var/run/mdadm → /run/mdadm; please update the tmpfiles.d/ drop-in file accordingly.
May  7 18:37:02 centos8101 systemd-tmpfiles[5864]: [/usr/lib/tmpfiles.d/pesign.conf:1] Line references path below legacy directory /var/run/, updating /var/run/pesign → /run/pesign; please update the tmpfiles.d/ drop-in file accordingly.
May  7 18:37:02 centos8101 systemd-tmpfiles[5864]: [/usr/lib/tmpfiles.d/radvd.conf:1] Line references path below legacy directory /var/run/, updating /var/run/radvd → /run/radvd; please update the tmpfiles.d/ drop-in file accordingly.
May  7 18:37:02 centos8101 systemd[1]: Started Cleanup of Temporary Directories.
May  7 18:38:37 centos8101 dbus-daemon[879]: [system] Activating via systemd: service name='org.freedesktop.hostname1' unit='dbus-org.freedesktop.hostname1.service' requested by ':1.1980' (uid=0 pid=5889 comm="hostnamectl ")
May  7 18:38:37 centos8101 systemd[1]: Starting Hostname Service...
May  7 18:38:37 centos8101 dbus-daemon[879]: [system] Successfully activated service 'org.freedesktop.hostname1'
May  7 18:38:37 centos8101 systemd[1]: Started Hostname Service.
May  7 18:39:39 centos8101 cupsd[919]: REQUEST localhost - - "POST / HTTP/1.1" 200 184 Renew-Subscription client-error-not-found
May  7 18:41:07 centos8101 dbus-daemon[879]: [system] Activating via systemd: service name='org.freedesktop.hostname1' unit='dbus-org.freedesktop.hostname1.service' requested by ':1.1982' (uid=0 pid=6116 comm="hostnamectl ")
May  7 18:41:07 centos8101 systemd[1]: Starting Hostname Service...
May  7 18:41:08 centos8101 dbus-daemon[879]: [system] Successfully activated service 'org.freedesktop.hostname1'
May  7 18:41:08 centos8101 systemd[1]: Started Hostname Service.
May  7 18:41:40 centos8101 dbus-daemon[879]: [system] Activating via systemd: service name='org.freedesktop.hostname1' unit='dbus-org.freedesktop.hostname1.service' requested by ':1.1984' (uid=0 pid=6138 comm="hostnamectl ")
May  7 18:41:40 centos8101 systemd[1]: Starting Hostname Service...
May  7 18:41:40 centos8101 dbus-daemon[879]: [system] Successfully activated service 'org.freedesktop.hostname1'
May  7 18:41:40 centos8101 systemd[1]: Started Hostname Service.
May  7 18:43:13 centos8101 dbus-daemon[879]: [system] Activating via systemd: service name='org.freedesktop.hostname1' unit='dbus-org.freedesktop.hostname1.service' requested by ':1.1986' (uid=0 pid=6177 comm="hostnamectl ")
May  7 18:43:13 centos8101 systemd[1]: Starting Hostname Service...
May  7 18:43:13 centos8101 dbus-daemon[879]: [system] Successfully activated service 'org.freedesktop.hostname1'
May  7 18:43:13 centos8101 systemd[1]: Started Hostname Service.
May  7 18:44:55 centos8101 dbus-daemon[879]: [system] Activating via systemd: service name='org.freedesktop.hostname1' unit='dbus-org.freedesktop.hostname1.service' requested by ':1.1988' (uid=0 pid=6208 comm="hostnamectl ")
May  7 18:44:55 centos8101 systemd[1]: Starting Hostname Service...
May  7 18:44:55 centos8101 dbus-daemon[879]: [system] Successfully activated service 'org.freedesktop.hostname1'
May  7 18:44:55 centos8101 systemd[1]: Started Hostname Service.
May  7 19:10:14 centos8101 cupsd[919]: REQUEST localhost - - "POST / HTTP/1.1" 200 183 Renew-Subscription client-error-not-found
May  7 19:17:05 centos8101 dbus-daemon[879]: [system] Activating via systemd: service name='org.freedesktop.hostname1' unit='dbus-org.freedesktop.hostname1.service' requested by ':1.1991' (uid=0 pid=6830 comm="hostnamectl ")
May  7 19:17:05 centos8101 systemd[1]: Starting Hostname Service...
May  7 19:17:05 centos8101 dbus-daemon[879]: [system] Successfully activated service 'org.freedesktop.hostname1'
May  7 19:17:05 centos8101 systemd[1]: Started Hostname Service.
May  7 19:20:02 centos8101 systemd[1]: Starting dnf makecache...
May  7 19:20:02 centos8101 dnf[7074]: Metadata cache refreshed recently.
May  7 19:20:02 centos8101 systemd[1]: Started dnf makecache.
May  7 19:20:57 centos8101 dbus-daemon[879]: [system] Activating via systemd: service name='org.freedesktop.hostname1' unit='dbus-org.freedesktop.hostname1.service' requested by ':1.1994' (uid=0 pid=7092 comm="hostnamectl ")
May  7 19:20:57 centos8101 systemd[1]: Starting Hostname Service...
May  7 19:20:57 centos8101 dbus-daemon[879]: [system] Successfully activated service 'org.freedesktop.hostname1'
May  7 19:20:57 centos8101 systemd[1]: Started Hostname Service.
May  7 19:26:33 centos8101 dbus-daemon[879]: [system] Activating via systemd: service name='org.freedesktop.hostname1' unit='dbus-org.freedesktop.hostname1.service' requested by ':1.1997' (uid=0 pid=7355 comm="hostnamectl ")
May  7 19:26:33 centos8101 systemd[1]: Starting Hostname Service...
May  7 19:26:33 centos8101 dbus-daemon[879]: [system] Successfully activated service 'org.freedesktop.hostname1'
May  7 19:26:33 centos8101 systemd[1]: Started Hostname Service.
May  7 19:28:45 centos8101 dbus-daemon[879]: [system] Activating via systemd: service name='org.freedesktop.hostname1' unit='dbus-org.freedesktop.hostname1.service' requested by ':1.1999' (uid=0 pid=7553 comm="hostnamectl ")
May  7 19:28:45 centos8101 systemd[1]: Starting Hostname Service...
May  7 19:28:46 centos8101 dbus-daemon[879]: [system] Successfully activated service 'org.freedesktop.hostname1'
May  7 19:28:46 centos8101 systemd[1]: Started Hostname Service.
May  7 19:36:54 centos8101 dbus-daemon[879]: [system] Activating via systemd: service name='org.freedesktop.hostname1' unit='dbus-org.freedesktop.hostname1.service' requested by ':1.2001' (uid=0 pid=7812 comm="hostnamectl ")
May  7 19:36:54 centos8101 systemd[1]: Starting Hostname Service...
May  7 19:36:54 centos8101 dbus-daemon[879]: [system] Successfully activated service 'org.freedesktop.hostname1'
May  7 19:36:54 centos8101 systemd[1]: Started Hostname Service.
May  7 19:37:59 centos8101 cupsd[919]: REQUEST localhost - - "POST / HTTP/1.1" 200 184 Renew-Subscription client-error-not-found
May  7 20:08:34 centos8101 cupsd[919]: REQUEST localhost - - "POST / HTTP/1.1" 200 183 Renew-Subscription client-error-not-found
May  7 20:14:35 centos8101 systemd-logind[971]: New session 21 of user root.
May  7 20:14:35 centos8101 systemd[1]: Started Session 21 of user root.
May  7 20:21:02 centos8101 systemd[1]: Starting dnf makecache...
May  7 20:21:03 centos8101 dnf[8646]: Metadata cache refreshed recently.
May  7 20:21:03 centos8101 systemd[1]: Started dnf makecache.
May  7 20:34:38 centos8101 dbus-daemon[879]: [system] Activating via systemd: service name='org.freedesktop.hostname1' unit='dbus-org.freedesktop.hostname1.service' requested by ':1.2018' (uid=0 pid=8890 comm="hostnamectl ")
May  7 20:34:38 centos8101 systemd[1]: Starting Hostname Service...
May  7 20:34:38 centos8101 dbus-daemon[879]: [system] Successfully activated service 'org.freedesktop.hostname1'
May  7 20:34:38 centos8101 systemd[1]: Started Hostname Service.
May  7 20:36:19 centos8101 cupsd[919]: REQUEST localhost - - "POST / HTTP/1.1" 200 184 Renew-Subscription client-error-not-found
May  7 21:06:54 centos8101 cupsd[919]: REQUEST localhost - - "POST / HTTP/1.1" 200 183 Renew-Subscription client-error-not-found
May  7 21:21:42 centos8101 systemd[1]: Starting dnf makecache...
May  7 21:21:43 centos8101 dnf[9545]: CentOS-BASE                                     0.0  B/s |   0  B     00:00
May  7 21:21:43 centos8101 dnf[9545]: Failed to download metadata for repo 'DVD-Base'
May  7 21:21:43 centos8101 dnf[9545]: Error: Failed to download metadata for repo 'DVD-Base'
May  7 21:21:43 centos8101 systemd[1]: dnf-makecache.service: Main process exited, code=exited, status=1/FAILURE
May  7 21:21:43 centos8101 systemd[1]: dnf-makecache.service: Failed with result 'exit-code'.
May  7 21:21:43 centos8101 systemd[1]: Failed to start dnf makecache.
May  7 21:34:39 centos8101 cupsd[919]: REQUEST localhost - - "POST / HTTP/1.1" 200 184 Renew-Subscription client-error-not-found
May  7 22:05:14 centos8101 cupsd[919]: REQUEST localhost - - "POST / HTTP/1.1" 200 183 Renew-Subscription client-error-not-found
May  7 22:22:02 centos8101 systemd[1]: Starting dnf makecache...
May  7 22:22:02 centos8101 dnf[10057]: Metadata cache refreshed recently.
May  7 22:22:02 centos8101 systemd[1]: Started dnf makecache.
May  7 22:32:59 centos8101 cupsd[919]: REQUEST localhost - - "POST / HTTP/1.1" 200 184 Renew-Subscription client-error-not-found
May  7 22:53:01 centos8101 chronyd[2144]: Source 208.69.120.241 replaced with 85.21.78.91
May  7 22:57:35 centos8101 chronyd[2144]: Can't synchronise: no majority
May  7 22:59:37 centos8101 chronyd[2144]: Selected source 12.167.151.1
May  7 22:59:37 centos8101 chronyd[2144]: System clock wrong by 9451.016320 seconds, adjustment started
May  7 23:03:34 centos8101 cupsd[919]: REQUEST localhost - - "POST / HTTP/1.1" 200 183 Renew-Subscription client-error-not-found
May  7 23:06:17 centos8101 chronyd[2144]: Selected source 208.75.88.4
May  7 23:23:02 centos8101 systemd[1]: Starting dnf makecache...
May  7 23:23:02 centos8101 dnf[10578]: Metadata cache refreshed recently.
May  7 23:23:02 centos8101 systemd[1]: Started dnf makecache.
May  7 23:31:19 centos8101 cupsd[919]: REQUEST localhost - - "POST / HTTP/1.1" 200 184 Renew-Subscription client-error-not-found
May  8 00:00:02 centos8101 systemd[1]: Starting update of the root trust anchor for DNSSEC validation in unbound...
May  8 00:00:02 centos8101 systemd[1]: Started update of the root trust anchor for DNSSEC validation in unbound.
May  8 00:01:54 centos8101 cupsd[919]: REQUEST localhost - - "POST / HTTP/1.1" 200 183 Renew-Subscription client-error-not-found
May  8 00:24:02 centos8101 systemd[1]: Starting dnf makecache...
May  8 00:24:02 centos8101 dnf[11105]: CentOS-BASE                                     0.0  B/s |   0  B     00:00
May  8 00:24:02 centos8101 dnf[11105]: Failed to download metadata for repo 'DVD-Base'
May  8 00:24:02 centos8101 dnf[11105]: Error: Failed to download metadata for repo 'DVD-Base'
May  8 00:24:02 centos8101 systemd[1]: dnf-makecache.service: Main process exited, code=exited, status=1/FAILURE
May  8 00:24:02 centos8101 systemd[1]: dnf-makecache.service: Failed with result 'exit-code'.
May  8 00:24:02 centos8101 systemd[1]: Failed to start dnf makecache.
May  8 00:29:39 centos8101 cupsd[919]: REQUEST localhost - - "POST / HTTP/1.1" 200 184 Renew-Subscription client-error-not-found
May  8 00:38:56 centos8101 chronyd[2144]: Source 12.167.151.1 replaced with 185.17.8.51
May  8 00:39:01 centos8101 chronyd[2144]: Selected source 3.217.79.242
May  8 00:44:23 centos8101 chronyd[2144]: Selected source 208.75.88.4
May  8 00:44:23 centos8101 chronyd[2144]: System clock wrong by 31779.842740 seconds, adjustment started
May  8 01:00:14 centos8101 cupsd[919]: REQUEST localhost - - "POST / HTTP/1.1" 200 183 Renew-Subscription client-error-not-found
May  8 01:24:42 centos8101 systemd[1]: Starting dnf makecache...
May  8 01:24:42 centos8101 dnf[11630]: Metadata cache refreshed recently.
May  8 01:24:42 centos8101 systemd[1]: Started dnf makecache.
May  8 01:27:59 centos8101 cupsd[919]: REQUEST localhost - - "POST / HTTP/1.1" 200 184 Renew-Subscription client-error-not-found
May  8 01:58:34 centos8101 cupsd[919]: REQUEST localhost - - "POST / HTTP/1.1" 200 183 Renew-Subscription client-error-not-found
May  8 02:25:02 centos8101 systemd[1]: Starting dnf makecache...
May  8 02:25:02 centos8101 dnf[12146]: Metadata cache refreshed recently.
May  8 02:25:02 centos8101 systemd[1]: Started dnf makecache.
May  8 02:26:19 centos8101 cupsd[919]: REQUEST localhost - - "POST / HTTP/1.1" 200 184 Renew-Subscription client-error-not-found
May  8 02:56:54 centos8101 cupsd[919]: REQUEST localhost - - "POST / HTTP/1.1" 200 183 Renew-Subscription client-error-not-found
May  8 03:24:39 centos8101 cupsd[919]: REQUEST localhost - - "POST / HTTP/1.1" 200 184 Renew-Subscription client-error-not-found
May  8 03:26:02 centos8101 systemd[1]: Starting dnf makecache...
May  8 03:26:02 centos8101 dnf[12673]: CentOS-BASE                                     0.0  B/s |   0  B     00:00
May  8 03:26:02 centos8101 dnf[12673]: Failed to download metadata for repo 'DVD-Base'
May  8 03:26:02 centos8101 dnf[12673]: Error: Failed to download metadata for repo 'DVD-Base'
May  8 03:26:02 centos8101 systemd[1]: dnf-makecache.service: Main process exited, code=exited, status=1/FAILURE
May  8 03:26:02 centos8101 systemd[1]: dnf-makecache.service: Failed with result 'exit-code'.
May  8 03:26:02 centos8101 systemd[1]: Failed to start dnf makecache.
May  8 03:55:14 centos8101 cupsd[919]: REQUEST localhost - - "POST / HTTP/1.1" 200 183 Renew-Subscription client-error-not-found
May  8 04:22:59 centos8101 cupsd[919]: REQUEST localhost - - "POST / HTTP/1.1" 200 184 Renew-Subscription client-error-not-found
May  8 04:27:02 centos8101 systemd[1]: Starting dnf makecache...
May  8 04:27:02 centos8101 dnf[13210]: Metadata cache refreshed recently.
May  8 04:27:02 centos8101 systemd[1]: Started dnf makecache.
May  8 04:53:34 centos8101 cupsd[919]: REQUEST localhost - - "POST / HTTP/1.1" 200 183 Renew-Subscription client-error-not-found
May  8 05:21:19 centos8101 cupsd[919]: REQUEST localhost - - "POST / HTTP/1.1" 200 184 Renew-Subscription client-error-not-found
May  8 05:27:42 centos8101 systemd[1]: Starting dnf makecache...
May  8 05:27:42 centos8101 dnf[13741]: Metadata cache refreshed recently.
May  8 05:27:42 centos8101 systemd[1]: Started dnf makecache.
May  8 05:51:54 centos8101 cupsd[919]: REQUEST localhost - - "POST / HTTP/1.1" 200 183 Renew-Subscription client-error-not-found
May  8 06:17:24 centos8101 dbus-daemon[879]: [system] Activating via systemd: service name='org.freedesktop.PackageKit' unit='packagekit.service' requested by ':1.344' (uid=1000 pid=2356 comm="/usr/bin/gnome-software --gapplication-service ")
May  8 06:17:24 centos8101 systemd[1]: Starting PackageKit Daemon...
May  8 06:17:24 centos8101 journal[14164]: g_path_get_basename: assertion 'file_name != NULL' failed
May  8 06:17:24 centos8101 dbus-daemon[879]: [system] Successfully activated service 'org.freedesktop.PackageKit'
May  8 06:17:24 centos8101 systemd[1]: Started PackageKit Daemon.
May  8 06:17:24 centos8101 PackageKit[14164]: uid 1000 is trying to obtain org.freedesktop.packagekit.system-sources-refresh auth (only_trusted:0)
May  8 06:19:39 centos8101 cupsd[919]: REQUEST localhost - - "POST / HTTP/1.1" 200 184 Renew-Subscription client-error-not-found
May  8 06:22:25 centos8101 journal[14164]: pk_transaction_status_changed_emit: assertion 'PK_IS_TRANSACTION (transaction)' failed
May  8 06:22:25 centos8101 journal[14164]: g_dbus_connection_emit_signal: assertion 'object_path != NULL && g_variant_is_object_path (object_path)' failed
May  8 06:22:25 centos8101 journal[14164]: g_dbus_connection_emit_signal: assertion 'object_path != NULL && g_variant_is_object_path (object_path)' failed
May  8 06:22:25 centos8101 journal[14164]: instance with invalid (NULL) class pointer
May  8 06:22:25 centos8101 journal[14164]: g_signal_emit_valist: assertion 'G_TYPE_CHECK_INSTANCE (instance)' failed
May  8 06:28:02 centos8101 systemd[1]: Starting dnf makecache...
May  8 06:28:02 centos8101 dnf[14267]: CentOS-BASE                                     0.0  B/s |   0  B     00:00
May  8 06:28:02 centos8101 dnf[14267]: Failed to download metadata for repo 'DVD-Base'
May  8 06:28:02 centos8101 dnf[14267]: Error: Failed to download metadata for repo 'DVD-Base'
May  8 06:28:02 centos8101 systemd[1]: dnf-makecache.service: Main process exited, code=exited, status=1/FAILURE
May  8 06:28:02 centos8101 systemd[1]: dnf-makecache.service: Failed with result 'exit-code'.
May  8 06:28:02 centos8101 systemd[1]: Failed to start dnf makecache.
May  8 06:50:14 centos8101 cupsd[919]: REQUEST localhost - - "POST / HTTP/1.1" 200 183 Renew-Subscription client-error-not-found
May  8 06:59:39 centos8101 dbus-daemon[879]: [system] Activating via systemd: service name='org.freedesktop.PackageKit' unit='packagekit.service' requested by ':1.1675' (uid=0 pid=29316 comm="/usr/bin/gnome-software --gapplication-service ")
May  8 06:59:39 centos8101 systemd[1]: Starting PackageKit Daemon...
May  8 06:59:39 centos8101 journal[14542]: g_path_get_basename: assertion 'file_name != NULL' failed
May  8 06:59:39 centos8101 dbus-daemon[879]: [system] Successfully activated service 'org.freedesktop.PackageKit'
May  8 06:59:39 centos8101 systemd[1]: Started PackageKit Daemon.
May  8 06:59:39 centos8101 PackageKit[14542]: uid 0 is trying to obtain org.freedesktop.packagekit.system-sources-refresh auth (only_trusted:0)
May  8 06:59:39 centos8101 PackageKit[14542]: uid 0 obtained auth for org.freedesktop.packagekit.system-sources-refresh
May  8 06:59:39 centos8101 journal[29316]: not handling error failed for action get-updates: Cannot update read-only repo
May  8 07:17:59 centos8101 cupsd[919]: REQUEST localhost - - "POST / HTTP/1.1" 200 184 Renew-Subscription client-error-not-found
May  8 07:29:02 centos8101 systemd[1]: Starting dnf makecache...
May  8 07:29:02 centos8101 dnf[14803]: Metadata cache refreshed recently.
May  8 07:29:02 centos8101 systemd[1]: Started dnf makecache.
May  8 07:48:34 centos8101 cupsd[919]: REQUEST localhost - - "POST / HTTP/1.1" 200 183 Renew-Subscription client-error-not-found
May  8 08:16:19 centos8101 cupsd[919]: REQUEST localhost - - "POST / HTTP/1.1" 200 184 Renew-Subscription client-error-not-found
May  8 08:30:02 centos8101 systemd[1]: Starting dnf makecache...
May  8 08:30:02 centos8101 dnf[15324]: Metadata cache refreshed recently.
May  8 08:30:02 centos8101 systemd[1]: Started dnf makecache.
May  8 08:46:54 centos8101 cupsd[919]: REQUEST localhost - - "POST / HTTP/1.1" 200 183 Renew-Subscription client-error-not-found
May  8 09:14:39 centos8101 cupsd[919]: REQUEST localhost - - "POST / HTTP/1.1" 200 184 Renew-Subscription client-error-not-found
May  8 09:30:42 centos8101 systemd[1]: Starting dnf makecache...
May  8 09:30:42 centos8101 dnf[15844]: CentOS-BASE                                     0.0  B/s |   0  B     00:00
May  8 09:30:42 centos8101 dnf[15844]: Failed to download metadata for repo 'DVD-Base'
May  8 09:30:42 centos8101 dnf[15844]: Error: Failed to download metadata for repo 'DVD-Base'
May  8 09:30:42 centos8101 systemd[1]: dnf-makecache.service: Main process exited, code=exited, status=1/FAILURE
May  8 09:30:42 centos8101 systemd[1]: dnf-makecache.service: Failed with result 'exit-code'.
May  8 09:30:42 centos8101 systemd[1]: Failed to start dnf makecache.
May  8 09:45:14 centos8101 cupsd[919]: REQUEST localhost - - "POST / HTTP/1.1" 200 183 Renew-Subscription client-error-not-found
May  8 10:09:51 centos8101 chronyd[2144]: Selected source 3.217.79.242
May  8 10:10:55 centos8101 chronyd[2144]: Source 208.75.88.4 replaced with 195.22.17.7
May  8 10:12:59 centos8101 cupsd[919]: REQUEST localhost - - "POST / HTTP/1.1" 200 184 Renew-Subscription client-error-not-found
May  8 10:21:34 centos8101 chronyd[2144]: Selected source 3.217.79.242
May  8 10:21:34 centos8101 chronyd[2144]: System clock wrong by 2144.186154 seconds, adjustment started
May  8 10:31:02 centos8101 systemd[1]: Starting dnf makecache...
May  8 10:31:02 centos8101 dnf[16357]: Metadata cache refreshed recently.
May  8 10:31:02 centos8101 systemd[1]: Started dnf makecache.
May  8 10:43:34 centos8101 cupsd[919]: REQUEST localhost - - "POST / HTTP/1.1" 200 183 Renew-Subscription client-error-not-found
May  8 11:11:19 centos8101 cupsd[919]: REQUEST localhost - - "POST / HTTP/1.1" 200 184 Renew-Subscription client-error-not-found
May  8 11:32:02 centos8101 systemd[1]: Starting dnf makecache...
May  8 11:32:02 centos8101 dnf[16877]: Metadata cache refreshed recently.
May  8 11:32:02 centos8101 systemd[1]: Started dnf makecache.
May  8 11:41:54 centos8101 cupsd[919]: REQUEST localhost - - "POST / HTTP/1.1" 200 183 Renew-Subscription client-error-not-found
May  8 12:09:39 centos8101 cupsd[919]: REQUEST localhost - - "POST / HTTP/1.1" 200 184 Renew-Subscription client-error-not-found
May  8 12:18:16 centos8101 chronyd[2144]: Source 195.22.17.7 replaced with 45.76.244.193
May  8 12:19:20 centos8101 chronyd[2144]: Selected source 85.21.78.91
May  8 12:24:44 centos8101 chronyd[2144]: Can't synchronise: no majority
May  8 12:25:43 centos8101 chronyd[2144]: Selected source 45.76.244.193
May  8 12:25:43 centos8101 chronyd[2144]: System clock wrong by 142376.868904 seconds, adjustment started
May  8 12:33:02 centos8101 systemd[1]: Starting dnf makecache...
May  8 12:33:02 centos8101 dnf[17398]: CentOS-BASE                                     0.0  B/s |   0  B     00:00
May  8 12:33:02 centos8101 dnf[17398]: Failed to download metadata for repo 'DVD-Base'
May  8 12:33:02 centos8101 dnf[17398]: Error: Failed to download metadata for repo 'DVD-Base'
May  8 12:33:02 centos8101 systemd[1]: dnf-makecache.service: Main process exited, code=exited, status=1/FAILURE
May  8 12:33:02 centos8101 systemd[1]: dnf-makecache.service: Failed with result 'exit-code'.
May  8 12:33:02 centos8101 systemd[1]: Failed to start dnf makecache.
May  8 12:37:41 centos8101 chronyd[2144]: Can't synchronise: no selectable sources
May  8 12:40:14 centos8101 cupsd[919]: REQUEST localhost - - "POST / HTTP/1.1" 200 183 Renew-Subscription client-error-not-found
May  8 12:43:04 centos8101 chronyd[2144]: Selected source 3.217.79.242
May  8 12:43:04 centos8101 chronyd[2144]: System clock wrong by 10742.006427 seconds, adjustment started
May  8 12:47:23 centos8101 chronyd[2144]: Selected source 45.76.244.193
May  8 13:07:59 centos8101 cupsd[919]: REQUEST localhost - - "POST / HTTP/1.1" 200 184 Renew-Subscription client-error-not-found
May  8 13:33:42 centos8101 systemd[1]: Starting dnf makecache...
May  8 13:33:42 centos8101 dnf[17910]: Metadata cache refreshed recently.
May  8 13:33:42 centos8101 systemd[1]: Started dnf makecache.
May  8 13:38:34 centos8101 cupsd[919]: REQUEST localhost - - "POST / HTTP/1.1" 200 183 Renew-Subscription client-error-not-found
May  8 14:06:19 centos8101 cupsd[919]: REQUEST localhost - - "POST / HTTP/1.1" 200 184 Renew-Subscription client-error-not-found
May  8 14:34:02 centos8101 systemd[1]: Starting dnf makecache...
May  8 14:34:02 centos8101 dnf[18430]: Metadata cache refreshed recently.
May  8 14:34:02 centos8101 systemd[1]: Started dnf makecache.
May  8 14:36:54 centos8101 cupsd[919]: REQUEST localhost - - "POST / HTTP/1.1" 200 183 Renew-Subscription client-error-not-found
May  8 15:04:39 centos8101 cupsd[919]: REQUEST localhost - - "POST / HTTP/1.1" 200 184 Renew-Subscription client-error-not-found
May  8 15:35:02 centos8101 systemd[1]: Starting dnf makecache...
May  8 15:35:02 centos8101 dnf[18950]: CentOS-BASE                                     0.0  B/s |   0  B     00:00
May  8 15:35:02 centos8101 dnf[18950]: Failed to download metadata for repo 'DVD-Base'
May  8 15:35:02 centos8101 dnf[18950]: Error: Failed to download metadata for repo 'DVD-Base'
May  8 15:35:02 centos8101 systemd[1]: dnf-makecache.service: Main process exited, code=exited, status=1/FAILURE
May  8 15:35:02 centos8101 systemd[1]: dnf-makecache.service: Failed with result 'exit-code'.
May  8 15:35:02 centos8101 systemd[1]: Failed to start dnf makecache.
May  8 15:35:14 centos8101 cupsd[919]: REQUEST localhost - - "POST / HTTP/1.1" 200 183 Renew-Subscription client-error-not-found
May  8 16:02:59 centos8101 cupsd[919]: REQUEST localhost - - "POST / HTTP/1.1" 200 184 Renew-Subscription client-error-not-found
May  8 16:33:34 centos8101 cupsd[919]: REQUEST localhost - - "POST / HTTP/1.1" 200 183 Renew-Subscription client-error-not-found
May  8 16:36:02 centos8101 systemd[1]: Starting dnf makecache...
May  8 16:36:02 centos8101 dnf[19472]: Metadata cache refreshed recently.
May  8 16:36:02 centos8101 systemd[1]: Started dnf makecache.
May  8 17:01:19 centos8101 cupsd[919]: REQUEST localhost - - "POST / HTTP/1.1" 200 184 Renew-Subscription client-error-not-found
May  8 17:31:54 centos8101 cupsd[919]: REQUEST localhost - - "POST / HTTP/1.1" 200 183 Renew-Subscription client-error-not-found
May  8 17:36:42 centos8101 systemd[1]: Starting dnf makecache...
May  8 17:36:42 centos8101 dnf[19984]: Metadata cache refreshed recently.
May  8 17:36:42 centos8101 systemd[1]: Started dnf makecache.
May  8 17:59:39 centos8101 cupsd[919]: REQUEST localhost - - "POST / HTTP/1.1" 200 184 Renew-Subscription client-error-not-found
May  8 18:00:27 centos8101 systemd-logind[971]: Session 18 logged out. Waiting for processes to exit.
May  8 18:00:27 centos8101 systemd-logind[971]: Removed session 18.
May  8 18:03:11 centos8101 systemd-logind[971]: Session 21 logged out. Waiting for processes to exit.
May  8 18:03:11 centos8101 systemd-logind[971]: Session 20 logged out. Waiting for processes to exit.
May  8 18:03:11 centos8101 systemd-logind[971]: Removed session 21.
May  8 18:03:11 centos8101 systemd-logind[971]: Removed session 20.
May  8 18:03:11 centos8101 systemd-logind[971]: Session 19 logged out. Waiting for processes to exit.
May  8 18:03:11 centos8101 systemd-logind[971]: Removed session 19.
May  8 18:03:11 centos8101 systemd-logind[971]: Session 17 logged out. Waiting for processes to exit.
May  8 18:03:11 centos8101 systemd-logind[971]: Removed session 17.
May  8 18:03:26 centos8101 chronyd[2144]: Source 185.17.8.51 replaced with 192.111.144.114
May  8 18:09:24 centos8101 chronyd[2144]: Can't synchronise: no majority
May  8 18:10:43 centos8101 chronyd[2144]: Selected source 3.217.79.242
May  8 18:10:43 centos8101 chronyd[2144]: System clock wrong by 46289.541842 seconds, adjustment started
May  8 18:19:19 centos8101 chronyd[2144]: Selected source 45.76.244.193
May  8 18:30:14 centos8101 cupsd[919]: REQUEST localhost - - "POST / HTTP/1.1" 200 183 Renew-Subscription client-error-not-found
May  8 18:37:02 centos8101 systemd[1]: Starting dnf makecache...
May  8 18:37:02 centos8101 systemd[1]: Starting Cleanup of Temporary Directories...
May  8 18:37:02 centos8101 systemd-tmpfiles[20563]: [/usr/lib/tmpfiles.d/mdadm.conf:1] Line references path below legacy directory /var/run/, updating /var/run/mdadm → /run/mdadm; please update the tmpfiles.d/ drop-in file accordingly.
May  8 18:37:02 centos8101 systemd-tmpfiles[20563]: [/usr/lib/tmpfiles.d/pesign.conf:1] Line references path below legacy directory /var/run/, updating /var/run/pesign → /run/pesign; please update the tmpfiles.d/ drop-in file accordingly.
May  8 18:37:02 centos8101 systemd-tmpfiles[20563]: [/usr/lib/tmpfiles.d/radvd.conf:1] Line references path below legacy directory /var/run/, updating /var/run/radvd → /run/radvd; please update the tmpfiles.d/ drop-in file accordingly.
May  8 18:37:02 centos8101 dnf[20562]: CentOS-BASE                                     0.0  B/s |   0  B     00:00
May  8 18:37:02 centos8101 dnf[20562]: Failed to download metadata for repo 'DVD-Base'
May  8 18:37:02 centos8101 dnf[20562]: Error: Failed to download metadata for repo 'DVD-Base'
May  8 18:37:02 centos8101 systemd[1]: dnf-makecache.service: Main process exited, code=exited, status=1/FAILURE
May  8 18:37:02 centos8101 systemd[1]: dnf-makecache.service: Failed with result 'exit-code'.
May  8 18:37:02 centos8101 systemd[1]: Failed to start dnf makecache.
May  8 18:37:02 centos8101 systemd[1]: Started Cleanup of Temporary Directories.
May  8 18:57:59 centos8101 cupsd[919]: REQUEST localhost - - "POST / HTTP/1.1" 200 184 Renew-Subscription client-error-not-found
May  8 19:28:34 centos8101 cupsd[919]: REQUEST localhost - - "POST / HTTP/1.1" 200 183 Renew-Subscription client-error-not-found
May  8 19:38:02 centos8101 systemd[1]: Starting dnf makecache...
May  8 19:38:02 centos8101 dnf[21095]: Metadata cache refreshed recently.
May  8 19:38:02 centos8101 systemd[1]: Started dnf makecache.
May  8 19:56:19 centos8101 cupsd[919]: REQUEST localhost - - "POST / HTTP/1.1" 200 184 Renew-Subscription client-error-not-found
May  8 20:26:54 centos8101 cupsd[919]: REQUEST localhost - - "POST / HTTP/1.1" 200 183 Renew-Subscription client-error-not-found
May  8 20:39:02 centos8101 systemd[1]: Starting dnf makecache...
May  8 20:39:02 centos8101 dnf[21615]: Metadata cache refreshed recently.
May  8 20:39:02 centos8101 systemd[1]: Started dnf makecache.
May  8 20:54:39 centos8101 cupsd[919]: REQUEST localhost - - "POST / HTTP/1.1" 200 184 Renew-Subscription client-error-not-found
May  8 20:58:11 centos8101 systemd[1]: Started Session 22 of user root.
May  8 20:58:11 centos8101 systemd-logind[971]: New session 22 of user root.
May  8 21:11:50 centos8101 systemd[1]: Started Session 23 of user root.
May  8 21:11:50 centos8101 systemd-logind[971]: New session 23 of user root.
May  8 21:22:09 centos8101 dbus-daemon[879]: [system] Activating via systemd: service name='org.freedesktop.hostname1' unit='dbus-org.freedesktop.hostname1.service' requested by ':1.2158' (uid=0 pid=22175 comm="hostnamectl ")
May  8 21:22:09 centos8101 systemd[1]: Starting Hostname Service...
May  8 21:22:09 centos8101 dbus-daemon[879]: [system] Successfully activated service 'org.freedesktop.hostname1'
May  8 21:22:09 centos8101 systemd[1]: Started Hostname Service.
May  8 21:23:26 centos8101 dbus-daemon[879]: [system] Activating via systemd: service name='org.freedesktop.hostname1' unit='dbus-org.freedesktop.hostname1.service' requested by ':1.2160' (uid=0 pid=22363 comm="hostnamectl ")
May  8 21:23:26 centos8101 systemd[1]: Starting Hostname Service...
May  8 21:23:26 centos8101 dbus-daemon[879]: [system] Successfully activated service 'org.freedesktop.hostname1'
May  8 21:23:26 centos8101 systemd[1]: Started Hostname Service.
May  8 21:24:11 centos8101 dbus-daemon[879]: [system] Activating via systemd: service name='org.freedesktop.hostname1' unit='dbus-org.freedesktop.hostname1.service' requested by ':1.2162' (uid=0 pid=22553 comm="hostnamectl ")
May  8 21:24:11 centos8101 systemd[1]: Starting Hostname Service...
May  8 21:24:11 centos8101 dbus-daemon[879]: [system] Successfully activated service 'org.freedesktop.hostname1'
May  8 21:24:11 centos8101 systemd[1]: Started Hostname Service.
May  8 21:24:44 centos8101 dbus-daemon[879]: [system] Activating via systemd: service name='org.freedesktop.hostname1' unit='dbus-org.freedesktop.hostname1.service' requested by ':1.2164' (uid=0 pid=22734 comm="hostnamectl ")
May  8 21:24:44 centos8101 systemd[1]: Starting Hostname Service...
May  8 21:24:44 centos8101 dbus-daemon[879]: [system] Successfully activated service 'org.freedesktop.hostname1'
May  8 21:24:44 centos8101 systemd[1]: Started Hostname Service.
May  8 21:25:14 centos8101 cupsd[919]: REQUEST localhost - - "POST / HTTP/1.1" 200 183 Renew-Subscription client-error-not-found
May  8 21:39:42 centos8101 systemd[1]: Starting dnf makecache...
May  8 21:39:42 centos8101 dnf[23072]: CentOS-BASE                                     0.0  B/s |   0  B     00:00
May  8 21:39:42 centos8101 dnf[23072]: Failed to download metadata for repo 'DVD-Base'
May  8 21:39:42 centos8101 dnf[23072]: Error: Failed to download metadata for repo 'DVD-Base'
May  8 21:39:42 centos8101 systemd[1]: dnf-makecache.service: Main process exited, code=exited, status=1/FAILURE
May  8 21:39:42 centos8101 systemd[1]: dnf-makecache.service: Failed with result 'exit-code'.
May  8 21:39:42 centos8101 systemd[1]: Failed to start dnf makecache.
May  8 21:52:59 centos8101 cupsd[919]: REQUEST localhost - - "POST / HTTP/1.1" 200 184 Renew-Subscription client-error-not-found
May  8 22:23:34 centos8101 cupsd[919]: REQUEST localhost - - "POST / HTTP/1.1" 200 183 Renew-Subscription client-error-not-found
May  8 22:40:02 centos8101 systemd[1]: Starting dnf makecache...
May  8 22:40:02 centos8101 dnf[23592]: Metadata cache refreshed recently.
May  8 22:40:02 centos8101 systemd[1]: Started dnf makecache.
May  8 22:51:19 centos8101 cupsd[919]: REQUEST localhost - - "POST / HTTP/1.1" 200 184 Renew-Subscription client-error-not-found
May  8 23:21:22 centos8101 dbus-daemon[879]: [system] Activating via systemd: service name='org.freedesktop.hostname1' unit='dbus-org.freedesktop.hostname1.service' requested by ':1.2170' (uid=0 pid=23997 comm="hostnamectl ")
May  8 23:21:22 centos8101 systemd[1]: Starting Hostname Service...
May  8 23:21:22 centos8101 dbus-daemon[879]: [system] Successfully activated service 'org.freedesktop.hostname1'
May  8 23:21:22 centos8101 systemd[1]: Started Hostname Service.
May  8 23:21:54 centos8101 cupsd[919]: REQUEST localhost - - "POST / HTTP/1.1" 200 183 Renew-Subscription client-error-not-found
May  8 23:40:53 centos8101 dbus-daemon[879]: [system] Activating via systemd: service name='org.freedesktop.PackageKit' unit='packagekit.service' requested by ':1.2172' (uid=0 pid=24470 comm="/usr/libexec/pk-command-not-found la etc/td-agent/")
May  8 23:40:53 centos8101 systemd[1]: Starting dnf makecache...
May  8 23:40:53 centos8101 systemd[1]: Starting PackageKit Daemon...
May  8 23:40:53 centos8101 journal[24476]: g_path_get_basename: assertion 'file_name != NULL' failed
May  8 23:40:53 centos8101 dbus-daemon[879]: [system] Successfully activated service 'org.freedesktop.PackageKit'
May  8 23:40:53 centos8101 systemd[1]: Started PackageKit Daemon.
May  8 23:40:53 centos8101 dnf[24475]: Metadata cache refreshed recently.
May  8 23:40:54 centos8101 systemd[1]: Started dnf makecache.
May  8 23:49:39 centos8101 cupsd[919]: REQUEST localhost - - "POST / HTTP/1.1" 200 184 Renew-Subscription client-error-not-found
May  8 23:50:26 centos8101 dbus-daemon[879]: [system] Activating via systemd: service name='org.freedesktop.hostname1' unit='dbus-org.freedesktop.hostname1.service' requested by ':1.2175' (uid=0 pid=24609 comm="hostnamectl ")
May  8 23:50:26 centos8101 systemd[1]: Starting Hostname Service...
May  8 23:50:27 centos8101 dbus-daemon[879]: [system] Successfully activated service 'org.freedesktop.hostname1'
May  8 23:50:27 centos8101 systemd[1]: Started Hostname Service.
May  9 00:00:02 centos8101 systemd[1]: Starting update of the root trust anchor for DNSSEC validation in unbound...
May  9 00:00:03 centos8101 systemd[1]: Started update of the root trust anchor for DNSSEC validation in unbound.
May  9 00:20:14 centos8101 cupsd[919]: REQUEST localhost - - "POST / HTTP/1.1" 200 183 Renew-Subscription client-error-not-found
May  9 00:41:02 centos8101 systemd[1]: Starting dnf makecache...
May  9 00:41:02 centos8101 dnf[25160]: CentOS-BASE                                     0.0  B/s |   0  B     00:00
May  9 00:41:02 centos8101 dnf[25160]: Failed to download metadata for repo 'DVD-Base'
May  9 00:41:02 centos8101 dnf[25160]: Error: Failed to download metadata for repo 'DVD-Base'
May  9 00:41:02 centos8101 systemd[1]: dnf-makecache.service: Main process exited, code=exited, status=1/FAILURE
May  9 00:41:02 centos8101 systemd[1]: dnf-makecache.service: Failed with result 'exit-code'.
May  9 00:41:02 centos8101 systemd[1]: Failed to start dnf makecache.
May  9 00:47:59 centos8101 cupsd[919]: REQUEST localhost - - "POST / HTTP/1.1" 200 184 Renew-Subscription client-error-not-found
May  9 01:18:34 centos8101 cupsd[919]: REQUEST localhost - - "POST / HTTP/1.1" 200 183 Renew-Subscription client-error-not-found
May  9 01:42:02 centos8101 systemd[1]: Starting dnf makecache...
May  9 01:42:02 centos8101 dnf[25723]: Metadata cache refreshed recently.
May  9 01:42:02 centos8101 systemd[1]: Started dnf makecache.
May  9 01:46:19 centos8101 cupsd[919]: REQUEST localhost - - "POST / HTTP/1.1" 200 184 Renew-Subscription client-error-not-found
May  9 02:16:54 centos8101 cupsd[919]: REQUEST localhost - - "POST / HTTP/1.1" 200 183 Renew-Subscription client-error-not-found
May  9 02:42:42 centos8101 systemd[1]: Starting dnf makecache...
May  9 02:42:42 centos8101 dnf[26247]: Metadata cache refreshed recently.
May  9 02:42:42 centos8101 systemd[1]: Started dnf makecache.
May  9 02:44:39 centos8101 cupsd[919]: REQUEST localhost - - "POST / HTTP/1.1" 200 184 Renew-Subscription client-error-not-found
May  9 03:15:14 centos8101 cupsd[919]: REQUEST localhost - - "POST / HTTP/1.1" 200 183 Renew-Subscription client-error-not-found
May  9 03:20:35 centos8101 dbus-daemon[879]: [system] Activating via systemd: service name='org.freedesktop.PackageKit' unit='packagekit.service' requested by ':1.2187' (uid=0 pid=26603 comm="/usr/libexec/pk-command-not-found sysstat ")
May  9 03:20:35 centos8101 systemd[1]: Starting PackageKit Daemon...
May  9 03:20:35 centos8101 journal[26608]: g_path_get_basename: assertion 'file_name != NULL' failed
May  9 03:20:35 centos8101 dbus-daemon[879]: [system] Successfully activated service 'org.freedesktop.PackageKit'
May  9 03:20:35 centos8101 systemd[1]: Started PackageKit Daemon.
May  9 03:42:59 centos8101 cupsd[919]: REQUEST localhost - - "POST / HTTP/1.1" 200 184 Renew-Subscription client-error-not-found
May  9 03:43:02 centos8101 systemd[1]: Starting dnf makecache...
May  9 03:43:02 centos8101 dnf[26851]: CentOS-BASE                                     0.0  B/s |   0  B     00:00
May  9 03:43:02 centos8101 dnf[26851]: Failed to download metadata for repo 'DVD-Base'
May  9 03:43:02 centos8101 dnf[26851]: Error: Failed to download metadata for repo 'DVD-Base'
May  9 03:43:02 centos8101 systemd[1]: dnf-makecache.service: Main process exited, code=exited, status=1/FAILURE
May  9 03:43:02 centos8101 systemd[1]: dnf-makecache.service: Failed with result 'exit-code'.
May  9 03:43:02 centos8101 systemd[1]: Failed to start dnf makecache.
May  9 04:01:12 centos8101 systemd[1]: Started Session 24 of user root.
May  9 04:01:12 centos8101 systemd-logind[971]: New session 24 of user root.
May  9 04:01:17 centos8101 su[27061]: (to root) root on pts/4
May  9 04:13:34 centos8101 cupsd[919]: REQUEST localhost - - "POST / HTTP/1.1" 200 183 Renew-Subscription client-error-not-found
May  9 04:41:19 centos8101 cupsd[919]: REQUEST localhost - - "POST / HTTP/1.1" 200 184 Renew-Subscription client-error-not-found
May  9 04:44:02 centos8101 systemd[1]: Starting dnf makecache...
May  9 04:44:02 centos8101 dnf[27450]: Metadata cache refreshed recently.
May  9 04:44:02 centos8101 systemd[1]: Started dnf makecache.
May  9 05:11:54 centos8101 cupsd[919]: REQUEST localhost - - "POST / HTTP/1.1" 200 183 Renew-Subscription client-error-not-found
May  9 05:39:39 centos8101 cupsd[919]: REQUEST localhost - - "POST / HTTP/1.1" 200 184 Renew-Subscription client-error-not-found
May  9 05:45:02 centos8101 systemd[1]: Starting dnf makecache...
May  9 05:45:02 centos8101 dnf[27990]: Metadata cache refreshed recently.
May  9 05:45:02 centos8101 systemd[1]: Started dnf makecache.
May  9 05:46:40 centos8101 dbus-daemon[879]: [system] Activating via systemd: service name='org.freedesktop.hostname1' unit='dbus-org.freedesktop.hostname1.service' requested by ':1.2213' (uid=0 pid=28054 comm="hostnamectl ")
May  9 05:46:40 centos8101 systemd[1]: Starting Hostname Service...
May  9 05:46:40 centos8101 dbus-daemon[879]: [system] Successfully activated service 'org.freedesktop.hostname1'
May  9 05:46:40 centos8101 systemd[1]: Started Hostname Service.
May  9 05:53:00 centos8101 dbus-daemon[879]: [system] Activating via systemd: service name='org.freedesktop.hostname1' unit='dbus-org.freedesktop.hostname1.service' requested by ':1.2215' (uid=0 pid=28319 comm="hostnamectl ")
May  9 05:53:00 centos8101 systemd[1]: Starting Hostname Service...
May  9 05:53:00 centos8101 dbus-daemon[879]: [system] Successfully activated service 'org.freedesktop.hostname1'
May  9 05:53:00 centos8101 systemd[1]: Started Hostname Service.
May  9 06:10:14 centos8101 cupsd[919]: REQUEST localhost - - "POST / HTTP/1.1" 200 183 Renew-Subscription client-error-not-found
May  9 06:17:24 centos8101 dbus-daemon[879]: [system] Activating via systemd: service name='org.freedesktop.PackageKit' unit='packagekit.service' requested by ':1.344' (uid=1000 pid=2356 comm="/usr/bin/gnome-software --gapplication-service ")
May  9 06:17:24 centos8101 systemd[1]: Starting PackageKit Daemon...
May  9 06:17:24 centos8101 journal[28797]: g_path_get_basename: assertion 'file_name != NULL' failed
May  9 06:17:24 centos8101 dbus-daemon[879]: [system] Successfully activated service 'org.freedesktop.PackageKit'
May  9 06:17:24 centos8101 systemd[1]: Started PackageKit Daemon.
May  9 06:17:24 centos8101 PackageKit[28797]: uid 1000 is trying to obtain org.freedesktop.packagekit.system-sources-refresh auth (only_trusted:0)
May  9 06:22:25 centos8101 journal[28797]: pk_transaction_status_changed_emit: assertion 'PK_IS_TRANSACTION (transaction)' failed
May  9 06:22:25 centos8101 journal[28797]: g_dbus_connection_emit_signal: assertion 'object_path != NULL && g_variant_is_object_path (object_path)' failed
May  9 06:22:25 centos8101 journal[28797]: g_dbus_connection_emit_signal: assertion 'object_path != NULL && g_variant_is_object_path (object_path)' failed
May  9 06:22:25 centos8101 journal[28797]: instance with invalid (NULL) class pointer
May  9 06:22:25 centos8101 journal[28797]: g_signal_emit_valist: assertion 'G_TYPE_CHECK_INSTANCE (instance)' failed
May  9 06:37:59 centos8101 cupsd[919]: REQUEST localhost - - "POST / HTTP/1.1" 200 184 Renew-Subscription client-error-not-found
May  9 06:45:42 centos8101 systemd[1]: Starting dnf makecache...
May  9 06:45:42 centos8101 dnf[29143]: CentOS-BASE                                     0.0  B/s |   0  B     00:00
May  9 06:45:42 centos8101 dnf[29143]: Failed to download metadata for repo 'DVD-Base'
May  9 06:45:42 centos8101 dnf[29143]: Error: Failed to download metadata for repo 'DVD-Base'
May  9 06:45:42 centos8101 systemd[1]: dnf-makecache.service: Main process exited, code=exited, status=1/FAILURE
May  9 06:45:42 centos8101 systemd[1]: dnf-makecache.service: Failed with result 'exit-code'.
May  9 06:45:42 centos8101 systemd[1]: Failed to start dnf makecache.
May  9 06:59:38 centos8101 dbus-daemon[879]: [system] Activating via systemd: service name='org.freedesktop.PackageKit' unit='packagekit.service' requested by ':1.1675' (uid=0 pid=29316 comm="/usr/bin/gnome-software --gapplication-service ")
May  9 06:59:38 centos8101 systemd[1]: Starting PackageKit Daemon...
May  9 06:59:38 centos8101 journal[29425]: g_path_get_basename: assertion 'file_name != NULL' failed
May  9 06:59:38 centos8101 dbus-daemon[879]: [system] Successfully activated service 'org.freedesktop.PackageKit'
May  9 06:59:38 centos8101 systemd[1]: Started PackageKit Daemon.
May  9 06:59:38 centos8101 PackageKit[29425]: uid 0 is trying to obtain org.freedesktop.packagekit.system-sources-refresh auth (only_trusted:0)
May  9 06:59:38 centos8101 PackageKit[29425]: uid 0 obtained auth for org.freedesktop.packagekit.system-sources-refresh
May  9 06:59:41 centos8101 journal[29316]: not handling error failed for action refresh: failed to refresh cache: Cannot update read-only repo
May  9 06:59:43 centos8101 journal[29316]: not handling error failed for action get-updates: Cannot update read-only repo
May  9 07:08:34 centos8101 cupsd[919]: REQUEST localhost - - "POST / HTTP/1.1" 200 183 Renew-Subscription client-error-not-found
May  9 07:17:12 centos8101 dbus-daemon[879]: [system] Activating via systemd: service name='org.freedesktop.hostname1' unit='dbus-org.freedesktop.hostname1.service' requested by ':1.2225' (uid=0 pid=29738 comm="hostnamectl ")
May  9 07:17:12 centos8101 systemd[1]: Starting Hostname Service...
May  9 07:17:13 centos8101 dbus-daemon[879]: [system] Successfully activated service 'org.freedesktop.hostname1'
May  9 07:17:13 centos8101 systemd[1]: Started Hostname Service.
May  9 07:23:55 centos8101 dbus-daemon[879]: [system] Activating via systemd: service name='org.freedesktop.hostname1' unit='dbus-org.freedesktop.hostname1.service' requested by ':1.2227' (uid=0 pid=30011 comm="hostnamectl ")
May  9 07:23:55 centos8101 systemd[1]: Starting Hostname Service...
May  9 07:23:55 centos8101 dbus-daemon[879]: [system] Successfully activated service 'org.freedesktop.hostname1'
May  9 07:23:55 centos8101 systemd[1]: Started Hostname Service.
May  9 07:36:19 centos8101 cupsd[919]: REQUEST localhost - - "POST / HTTP/1.1" 200 184 Renew-Subscription client-error-not-found
May  9 07:36:44 centos8101 dbus-daemon[879]: [system] Activating via systemd: service name='org.freedesktop.hostname1' unit='dbus-org.freedesktop.hostname1.service' requested by ':1.2229' (uid=0 pid=30328 comm="hostnamectl ")
May  9 07:36:44 centos8101 systemd[1]: Starting Hostname Service...
May  9 07:36:44 centos8101 dbus-daemon[879]: [system] Successfully activated service 'org.freedesktop.hostname1'
May  9 07:36:44 centos8101 systemd[1]: Started Hostname Service.
May  9 07:40:12 centos8101 dbus-daemon[879]: [system] Activating via systemd: service name='org.freedesktop.hostname1' unit='dbus-org.freedesktop.hostname1.service' requested by ':1.2231' (uid=0 pid=30561 comm="hostnamectl ")
May  9 07:40:12 centos8101 systemd[1]: Starting Hostname Service...
May  9 07:40:12 centos8101 dbus-daemon[879]: [system] Successfully activated service 'org.freedesktop.hostname1'
May  9 07:40:12 centos8101 systemd[1]: Started Hostname Service.
May  9 07:45:24 centos8101 dbus-daemon[879]: [system] Activating via systemd: service name='org.freedesktop.hostname1' unit='dbus-org.freedesktop.hostname1.service' requested by ':1.2233' (uid=0 pid=30811 comm="hostnamectl ")
May  9 07:45:24 centos8101 systemd[1]: Starting Hostname Service...
May  9 07:45:24 centos8101 dbus-daemon[879]: [system] Successfully activated service 'org.freedesktop.hostname1'
May  9 07:45:24 centos8101 systemd[1]: Started Hostname Service.
May  9 07:45:54 centos8101 systemd[1]: Starting dnf makecache...
May  9 07:45:54 centos8101 dnf[30982]: Metadata cache refreshed recently.
May  9 07:45:54 centos8101 systemd[1]: Started dnf makecache.
May 12 00:54:20 centos8101 kernel: Linux version 4.18.0-147.el8.x86_64 (mockbuild@kbuilder.bsys.centos.org) (gcc version 8.3.1 20190507 (Red Hat 8.3.1-4) (GCC)) #1 SMP Wed Dec 4 21:51:45 UTC 2019
May 12 00:54:20 centos8101 kernel: Command line: BOOT_IMAGE=(hd0,msdos1)/vmlinuz-4.18.0-147.el8.x86_64 root=/dev/mapper/cl-root ro crashkernel=auto resume=/dev/mapper/cl-swap rd.lvm.lv=cl/root rd.lvm.lv=cl/swap rhgb quiet
May 12 00:54:20 centos8101 kernel: x86/fpu: Supporting XSAVE feature 0x001: 'x87 floating point registers'
May 12 00:54:20 centos8101 kernel: x86/fpu: Supporting XSAVE feature 0x002: 'SSE registers'
May 12 00:54:20 centos8101 kernel: x86/fpu: Supporting XSAVE feature 0x004: 'AVX registers'
May 12 00:54:20 centos8101 kernel: x86/fpu: xstate_offset[2]:  576, xstate_sizes[2]:  256
May 12 00:54:20 centos8101 kernel: x86/fpu: Enabled xstate features 0x7, context size is 832 bytes, using 'standard' format.
May 12 00:54:20 centos8101 kernel: BIOS-provided physical RAM map:
May 12 00:54:20 centos8101 kernel: BIOS-e820: [mem 0x0000000000000000-0x000000000009fbff] usable
May 12 00:54:20 centos8101 kernel: BIOS-e820: [mem 0x000000000009fc00-0x000000000009ffff] reserved
May 12 00:54:20 centos8101 kernel: BIOS-e820: [mem 0x00000000000f0000-0x00000000000fffff] reserved
May 12 00:54:20 centos8101 kernel: BIOS-e820: [mem 0x0000000000100000-0x000000007ffeffff] usable
May 12 00:54:20 centos8101 kernel: BIOS-e820: [mem 0x000000007fff0000-0x000000007fffffff] ACPI data
May 12 00:54:20 centos8101 kernel: BIOS-e820: [mem 0x00000000fec00000-0x00000000fec00fff] reserved
May 12 00:54:20 centos8101 kernel: BIOS-e820: [mem 0x00000000fee00000-0x00000000fee00fff] reserved
May 12 00:54:20 centos8101 kernel: BIOS-e820: [mem 0x00000000fffc0000-0x00000000ffffffff] reserved
May 12 00:54:20 centos8101 kernel: NX (Execute Disable) protection: active
May 12 00:54:20 centos8101 kernel: SMBIOS 2.5 present.
May 12 00:54:20 centos8101 kernel: DMI: innotek GmbH VirtualBox/VirtualBox, BIOS VirtualBox 12/01/2006
May 12 00:54:20 centos8101 kernel: Hypervisor detected: KVM
May 12 00:54:20 centos8101 kernel: kvm-clock: Using msrs 4b564d01 and 4b564d00
May 12 00:54:20 centos8101 kernel: kvm-clock: cpu 0, msr 75001001, primary cpu clock
May 12 00:54:20 centos8101 kernel: kvm-clock: using sched offset of 8519530891 cycles
May 12 00:54:20 centos8101 kernel: clocksource: kvm-clock: mask: 0xffffffffffffffff max_cycles: 0x1cd42e4dffb, max_idle_ns: 881590591483 ns
May 12 00:54:20 centos8101 kernel: last_pfn = 0x7fff0 max_arch_pfn = 0x400000000
May 12 00:54:20 centos8101 kernel: Disabled
May 12 00:54:20 centos8101 kernel: x86/PAT: MTRRs disabled, skipping PAT initialization too.
May 12 00:54:20 centos8101 kernel: CPU MTRRs all blank - virtualized system.
May 12 00:54:20 centos8101 kernel: x86/PAT: Configuration [0-7]: WB  WT  UC- UC  WB  WT  UC- UC  
May 12 00:54:20 centos8101 kernel: found SMP MP-table at [mem 0x0009fff0-0x0009ffff] mapped at [(____ptrval____)]
May 12 00:54:20 centos8101 kernel: RAMDISK: [mem 0x34661000-0x36328fff]
May 12 00:54:20 centos8101 kernel: ACPI: Early table checksum verification disabled
May 12 00:54:20 centos8101 kernel: ACPI: RSDP 0x00000000000E0000 000024 (v02 VBOX  )
May 12 00:54:20 centos8101 kernel: ACPI: XSDT 0x000000007FFF0030 00003C (v01 VBOX   VBOXXSDT 00000001 ASL  00000061)
May 12 00:54:20 centos8101 kernel: ACPI: FACP 0x000000007FFF00F0 0000F4 (v04 VBOX   VBOXFACP 00000001 ASL  00000061)
May 12 00:54:20 centos8101 kernel: ACPI: DSDT 0x000000007FFF0470 002325 (v02 VBOX   VBOXBIOS 00000002 INTL 20100528)
May 12 00:54:20 centos8101 kernel: ACPI: FACS 0x000000007FFF0200 000040
May 12 00:54:20 centos8101 kernel: ACPI: FACS 0x000000007FFF0200 000040
May 12 00:54:20 centos8101 kernel: ACPI: APIC 0x000000007FFF0240 000054 (v02 VBOX   VBOXAPIC 00000001 ASL  00000061)
May 12 00:54:20 centos8101 kernel: ACPI: SSDT 0x000000007FFF02A0 0001CC (v01 VBOX   VBOXCPUT 00000002 INTL 20100528)
May 12 00:54:20 centos8101 kernel: No NUMA configuration found
May 12 00:54:20 centos8101 kernel: Faking a node at [mem 0x0000000000000000-0x000000007ffeffff]
May 12 00:54:20 centos8101 kernel: NODE_DATA(0) allocated [mem 0x7ffc6000-0x7ffeffff]
May 12 00:54:20 centos8101 kernel: Using crashkernel=auto, the size chosen is a best effort estimation.
May 12 00:54:20 centos8101 kernel: Reserving 160MB of memory at 1680MB for crashkernel (System RAM: 2047MB)
May 12 00:54:20 centos8101 kernel: Zone ranges:
May 12 00:54:20 centos8101 kernel:  DMA      [mem 0x0000000000001000-0x0000000000ffffff]
May 12 00:54:20 centos8101 kernel:  DMA32    [mem 0x0000000001000000-0x000000007ffeffff]
May 12 00:54:20 centos8101 kernel:  Normal   empty
May 12 00:54:20 centos8101 kernel:  Device   empty
May 12 00:54:20 centos8101 kernel: Movable zone start for each node
May 12 00:54:20 centos8101 kernel: Early memory node ranges
May 12 00:54:20 centos8101 kernel:  node   0: [mem 0x0000000000001000-0x000000000009efff]
May 12 00:54:20 centos8101 kernel:  node   0: [mem 0x0000000000100000-0x000000007ffeffff]
May 12 00:54:20 centos8101 kernel: Zeroed struct page in unavailable ranges: 98 pages
May 12 00:54:20 centos8101 kernel: Initmem setup node 0 [mem 0x0000000000001000-0x000000007ffeffff]
May 12 00:54:20 centos8101 kernel: ACPI: PM-Timer IO Port: 0x4008
May 12 00:54:20 centos8101 kernel: IOAPIC[0]: apic_id 1, version 32, address 0xfec00000, GSI 0-23
May 12 00:54:20 centos8101 kernel: ACPI: INT_SRC_OVR (bus 0 bus_irq 0 global_irq 2 dfl dfl)
May 12 00:54:20 centos8101 kernel: ACPI: INT_SRC_OVR (bus 0 bus_irq 9 global_irq 9 low level)
May 12 00:54:20 centos8101 kernel: Using ACPI (MADT) for SMP configuration information
May 12 00:54:20 centos8101 kernel: smpboot: Allowing 1 CPUs, 0 hotplug CPUs
May 12 00:54:20 centos8101 kernel: PM: Registered nosave memory: [mem 0x00000000-0x00000fff]
May 12 00:54:20 centos8101 kernel: PM: Registered nosave memory: [mem 0x0009f000-0x0009ffff]
May 12 00:54:20 centos8101 kernel: PM: Registered nosave memory: [mem 0x000a0000-0x000effff]
May 12 00:54:20 centos8101 kernel: PM: Registered nosave memory: [mem 0x000f0000-0x000fffff]
May 12 00:54:20 centos8101 kernel: [mem 0x80000000-0xfebfffff] available for PCI devices
May 12 00:54:20 centos8101 kernel: Booting paravirtualized kernel on KVM
May 12 00:54:20 centos8101 kernel: clocksource: refined-jiffies: mask: 0xffffffff max_cycles: 0xffffffff, max_idle_ns: 1910969940391419 ns
May 12 00:54:20 centos8101 kernel: setup_percpu: NR_CPUS:8192 nr_cpumask_bits:1 nr_cpu_ids:1 nr_node_ids:1
May 12 00:54:20 centos8101 kernel: percpu: Embedded 47 pages/cpu s155648 r8192 d28672 u2097152
May 12 00:54:20 centos8101 kernel: Built 1 zonelists, mobility grouping on.  Total pages: 515961
May 12 00:54:20 centos8101 kernel: Policy zone: DMA32
May 12 00:54:20 centos8101 kernel: Kernel command line: BOOT_IMAGE=(hd0,msdos1)/vmlinuz-4.18.0-147.el8.x86_64 root=/dev/mapper/cl-root ro crashkernel=auto resume=/dev/mapper/cl-swap rd.lvm.lv=cl/root rd.lvm.lv=cl/swap rhgb quiet
May 12 00:54:20 centos8101 kernel: Specific versions of hardware are certified with Red Hat Enterprise Linux 8. Please see the list of hardware certified with Red Hat Enterprise Linux 8 at https://access.redhat.com/ecosystem.
May 12 00:54:20 centos8101 kernel: Memory: 261668K/2096696K available (12292K kernel code, 2117K rwdata, 3780K rodata, 2368K init, 6348K bss, 259648K reserved, 0K cma-reserved)
May 12 00:54:20 centos8101 kernel: SLUB: HWalign=64, Order=0-3, MinObjects=0, CPUs=1, Nodes=1
May 12 00:54:20 centos8101 kernel: Kernel/User page tables isolation: enabled
May 12 00:54:20 centos8101 kernel: ftrace: allocating 35709 entries in 140 pages
May 12 00:54:20 centos8101 kernel: rcu: Hierarchical RCU implementation.
May 12 00:54:20 centos8101 kernel: rcu: #011RCU restricting CPUs from NR_CPUS=8192 to nr_cpu_ids=1.
May 12 00:54:20 centos8101 kernel: rcu: RCU calculated value of scheduler-enlistment delay is 100 jiffies.
May 12 00:54:20 centos8101 kernel: rcu: Adjusting geometry for rcu_fanout_leaf=16, nr_cpu_ids=1
May 12 00:54:20 centos8101 kernel: NR_IRQS: 524544, nr_irqs: 256, preallocated irqs: 16
May 12 00:54:20 centos8101 kernel: random: get_random_bytes called from start_kernel+0x36b/0x55b with crng_init=0
May 12 00:54:20 centos8101 kernel: Console: colour VGA+ 80x25
May 12 00:54:20 centos8101 kernel: console [tty0] enabled
May 12 00:54:20 centos8101 kernel: ACPI: Core revision 20180531
May 12 00:54:20 centos8101 kernel: APIC: Switch to symmetric I/O mode setup
May 12 00:54:20 centos8101 kernel: x2apic enabled
May 12 00:54:20 centos8101 kernel: Switched APIC routing to physical x2apic.
May 12 00:54:20 centos8101 kernel: ..TIMER: vector=0x30 apic1=0 pin1=2 apic2=-1 pin2=-1
May 12 00:54:20 centos8101 kernel: tsc: Detected 2399.998 MHz processor
May 12 00:54:20 centos8101 kernel: clocksource: tsc-early: mask: 0xffffffffffffffff max_cycles: 0x229835b7123, max_idle_ns: 440795242976 ns
May 12 00:54:20 centos8101 kernel: Calibrating delay loop (skipped) preset value.. 4799.99 BogoMIPS (lpj=2399998)
May 12 00:54:20 centos8101 kernel: pid_max: default: 32768 minimum: 301
May 12 00:54:20 centos8101 kernel: Security Framework initialized
May 12 00:54:20 centos8101 kernel: Yama: becoming mindful.
May 12 00:54:20 centos8101 kernel: SELinux:  Initializing.
May 12 00:54:20 centos8101 kernel: Dentry cache hash table entries: 262144 (order: 9, 2097152 bytes)
May 12 00:54:20 centos8101 kernel: Inode-cache hash table entries: 131072 (order: 8, 1048576 bytes)
May 12 00:54:20 centos8101 kernel: Mount-cache hash table entries: 4096 (order: 3, 32768 bytes)
May 12 00:54:20 centos8101 kernel: Mountpoint-cache hash table entries: 4096 (order: 3, 32768 bytes)
May 12 00:54:20 centos8101 kernel: process: using mwait in idle threads
May 12 00:54:20 centos8101 kernel: Last level iTLB entries: 4KB 64, 2MB 8, 4MB 8
May 12 00:54:20 centos8101 kernel: Last level dTLB entries: 4KB 64, 2MB 0, 4MB 0, 1GB 4
May 12 00:54:20 centos8101 kernel: FEATURE SPEC_CTRL Not Present
May 12 00:54:20 centos8101 kernel: FEATURE IBPB_SUPPORT Not Present
May 12 00:54:20 centos8101 kernel: Spectre V1 : Mitigation: usercopy/swapgs barriers and __user pointer sanitization
May 12 00:54:20 centos8101 kernel: Spectre V2 : Mitigation: Full generic retpoline
May 12 00:54:20 centos8101 kernel: Spectre V2 : Spectre v2 / SpectreRSB mitigation: Filling RSB on context switch
May 12 00:54:20 centos8101 kernel: Speculative Store Bypass: Vulnerable
May 12 00:54:20 centos8101 kernel: MDS: Mitigation: Clear CPU buffers
May 12 00:54:20 centos8101 kernel: Freeing SMP alternatives memory: 32K
May 12 00:54:20 centos8101 kernel: smpboot: CPU0: Intel(R) Core(TM) i5-8279U CPU @ 2.40GHz (family: 0x6, model: 0x8e, stepping: 0xa)
May 12 00:54:20 centos8101 kernel: Performance Events: unsupported p6 CPU model 142 no PMU driver, software events only.
May 12 00:54:20 centos8101 kernel: rcu: Hierarchical SRCU implementation.
May 12 00:54:20 centos8101 kernel: NMI watchdog: Perf event create on CPU 0 failed with -2
May 12 00:54:20 centos8101 kernel: NMI watchdog: Perf NMI watchdog permanently disabled
May 12 00:54:20 centos8101 kernel: smp: Bringing up secondary CPUs ...
May 12 00:54:20 centos8101 kernel: smp: Brought up 1 node, 1 CPU
May 12 00:54:20 centos8101 kernel: smpboot: Max logical packages: 1
May 12 00:54:20 centos8101 kernel: smpboot: Total of 1 processors activated (4799.99 BogoMIPS)
May 12 00:54:20 centos8101 kernel: node 0 initialised, 393845 pages in 1ms
May 12 00:54:20 centos8101 kernel: devtmpfs: initialized
May 12 00:54:20 centos8101 kernel: x86/mm: Memory block size: 128MB
May 12 00:54:20 centos8101 kernel: clocksource: jiffies: mask: 0xffffffff max_cycles: 0xffffffff, max_idle_ns: 1911260446275000 ns
May 12 00:54:20 centos8101 kernel: futex hash table entries: 256 (order: 2, 16384 bytes)
May 12 00:54:20 centos8101 kernel: pinctrl core: initialized pinctrl subsystem
May 12 00:54:20 centos8101 kernel: NET: Registered protocol family 16
May 12 00:54:20 centos8101 kernel: audit: initializing netlink subsys (disabled)
May 12 00:54:20 centos8101 kernel: cpuidle: using governor menu
May 12 00:54:20 centos8101 kernel: ACPI: bus type PCI registered
May 12 00:54:20 centos8101 kernel: acpiphp: ACPI Hot Plug PCI Controller Driver version: 0.5
May 12 00:54:20 centos8101 kernel: PCI: Using configuration type 1 for base access
May 12 00:54:20 centos8101 kernel: audit: type=2000 audit(1589259269.119:1): state=initialized audit_enabled=0 res=1
May 12 00:54:20 centos8101 kernel: HugeTLB registered 2.00 MiB page size, pre-allocated 0 pages
May 12 00:54:20 centos8101 kernel: cryptd: max_cpu_qlen set to 1000
May 12 00:54:20 centos8101 kernel: ACPI: Added _OSI(Module Device)
May 12 00:54:20 centos8101 kernel: ACPI: Added _OSI(Processor Device)
May 12 00:54:20 centos8101 kernel: ACPI: Added _OSI(3.0 _SCP Extensions)
May 12 00:54:20 centos8101 kernel: ACPI: Added _OSI(Processor Aggregator Device)
May 12 00:54:20 centos8101 kernel: ACPI: Added _OSI(Linux-Dell-Video)
May 12 00:54:20 centos8101 kernel: ACPI: 2 ACPI AML tables successfully acquired and loaded
May 12 00:54:20 centos8101 kernel: ACPI: Interpreter enabled
May 12 00:54:20 centos8101 kernel: ACPI: (supports S0 S5)
May 12 00:54:20 centos8101 kernel: ACPI: Using IOAPIC for interrupt routing
May 12 00:54:20 centos8101 kernel: PCI: Using host bridge windows from ACPI; if necessary, use "pci=nocrs" and report a bug
May 12 00:54:20 centos8101 kernel: ACPI: Enabled 2 GPEs in block 00 to 07
May 12 00:54:20 centos8101 kernel: ACPI: PCI Root Bridge [PCI0] (domain 0000 [bus 00-ff])
May 12 00:54:20 centos8101 kernel: acpi PNP0A03:00: _OSC: OS supports [ASPM ClockPM Segments MSI]
May 12 00:54:20 centos8101 kernel: acpi PNP0A03:00: _OSC: not requesting OS control; OS requires [ExtendedConfig ASPM ClockPM MSI]
May 12 00:54:20 centos8101 kernel: acpi PNP0A03:00: fail to add MMCONFIG information, can't access extended PCI configuration space under this bridge.
May 12 00:54:20 centos8101 kernel: PCI host bridge to bus 0000:00
May 12 00:54:20 centos8101 kernel: pci_bus 0000:00: root bus resource [io  0x0000-0x0cf7 window]
May 12 00:54:20 centos8101 kernel: pci_bus 0000:00: root bus resource [io  0x0d00-0xffff window]
May 12 00:54:20 centos8101 kernel: pci_bus 0000:00: root bus resource [mem 0x000a0000-0x000bffff window]
May 12 00:54:20 centos8101 kernel: pci_bus 0000:00: root bus resource [mem 0x80000000-0xfdffffff window]
May 12 00:54:20 centos8101 kernel: pci_bus 0000:00: root bus resource [bus 00-ff]
May 12 00:54:20 centos8101 kernel: pci 0000:00:01.1: legacy IDE quirk: reg 0x10: [io  0x01f0-0x01f7]
May 12 00:54:20 centos8101 kernel: pci 0000:00:01.1: legacy IDE quirk: reg 0x14: [io  0x03f6]
May 12 00:54:20 centos8101 kernel: pci 0000:00:01.1: legacy IDE quirk: reg 0x18: [io  0x0170-0x0177]
May 12 00:54:20 centos8101 kernel: pci 0000:00:01.1: legacy IDE quirk: reg 0x1c: [io  0x0376]
May 12 00:54:20 centos8101 kernel: pci 0000:00:07.0: quirk: [io  0x4000-0x403f] claimed by PIIX4 ACPI
May 12 00:54:20 centos8101 kernel: pci 0000:00:07.0: quirk: [io  0x4100-0x410f] claimed by PIIX4 SMB
May 12 00:54:20 centos8101 kernel: ACPI: PCI Interrupt Link [LNKA] (IRQs 5 9 10 *11)
May 12 00:54:20 centos8101 kernel: ACPI: PCI Interrupt Link [LNKB] (IRQs 5 9 *10 11)
May 12 00:54:20 centos8101 kernel: ACPI: PCI Interrupt Link [LNKC] (IRQs 5 *9 10 11)
May 12 00:54:20 centos8101 kernel: ACPI: PCI Interrupt Link [LNKD] (IRQs 5 9 10 *11)
May 12 00:54:20 centos8101 kernel: pci 0000:00:02.0: vgaarb: setting as boot VGA device
May 12 00:54:20 centos8101 kernel: pci 0000:00:02.0: vgaarb: VGA device added: decodes=io+mem,owns=io+mem,locks=none
May 12 00:54:20 centos8101 kernel: pci 0000:00:02.0: vgaarb: bridge control possible
May 12 00:54:20 centos8101 kernel: vgaarb: loaded
May 12 00:54:20 centos8101 kernel: SCSI subsystem initialized
May 12 00:54:20 centos8101 kernel: ACPI: bus type USB registered
May 12 00:54:20 centos8101 kernel: usbcore: registered new interface driver usbfs
May 12 00:54:20 centos8101 kernel: usbcore: registered new interface driver hub
May 12 00:54:20 centos8101 kernel: usbcore: registered new device driver usb
May 12 00:54:20 centos8101 kernel: pps_core: LinuxPPS API ver. 1 registered
May 12 00:54:20 centos8101 kernel: pps_core: Software ver. 5.3.6 - Copyright 2005-2007 Rodolfo Giometti <giometti@linux.it>
May 12 00:54:20 centos8101 kernel: PTP clock support registered
May 12 00:54:20 centos8101 kernel: EDAC MC: Ver: 3.0.0
May 12 00:54:20 centos8101 kernel: PCI: Using ACPI for IRQ routing
May 12 00:54:20 centos8101 kernel: NetLabel: Initializing
May 12 00:54:20 centos8101 kernel: NetLabel:  domain hash size = 128
May 12 00:54:20 centos8101 kernel: NetLabel:  protocols = UNLABELED CIPSOv4 CALIPSO
May 12 00:54:20 centos8101 kernel: NetLabel:  unlabeled traffic allowed by default
May 12 00:54:20 centos8101 kernel: clocksource: Switched to clocksource kvm-clock
May 12 00:54:20 centos8101 kernel: VFS: Disk quotas dquot_6.6.0
May 12 00:54:20 centos8101 kernel: VFS: Dquot-cache hash table entries: 512 (order 0, 4096 bytes)
May 12 00:54:20 centos8101 kernel: pnp: PnP ACPI init
May 12 00:54:20 centos8101 kernel: pnp: PnP ACPI: found 2 devices
May 12 00:54:20 centos8101 kernel: clocksource: acpi_pm: mask: 0xffffff max_cycles: 0xffffff, max_idle_ns: 2085701024 ns
May 12 00:54:20 centos8101 kernel: NET: Registered protocol family 2
May 12 00:54:20 centos8101 kernel: tcp_listen_portaddr_hash hash table entries: 1024 (order: 2, 16384 bytes)
May 12 00:54:20 centos8101 kernel: TCP established hash table entries: 16384 (order: 5, 131072 bytes)
May 12 00:54:20 centos8101 kernel: TCP bind hash table entries: 16384 (order: 6, 262144 bytes)
May 12 00:54:20 centos8101 kernel: TCP: Hash tables configured (established 16384 bind 16384)
May 12 00:54:20 centos8101 kernel: UDP hash table entries: 1024 (order: 3, 32768 bytes)
May 12 00:54:20 centos8101 kernel: UDP-Lite hash table entries: 1024 (order: 3, 32768 bytes)
May 12 00:54:20 centos8101 kernel: NET: Registered protocol family 1
May 12 00:54:20 centos8101 kernel: NET: Registered protocol family 44
May 12 00:54:20 centos8101 kernel: pci 0000:00:00.0: Limiting direct PCI/PCI transfers
May 12 00:54:20 centos8101 kernel: pci 0000:00:01.0: Activating ISA DMA hang workarounds
May 12 00:54:20 centos8101 kernel: pci 0000:00:02.0: Video device with shadowed ROM at [mem 0x000c0000-0x000dffff]
May 12 00:54:20 centos8101 kernel: Unpacking initramfs...
May 12 00:54:20 centos8101 kernel: Freeing initrd memory: 29472K
May 12 00:54:20 centos8101 kernel: clocksource: tsc: mask: 0xffffffffffffffff max_cycles: 0x229835b7123, max_idle_ns: 440795242976 ns
May 12 00:54:20 centos8101 kernel: clocksource: Switched to clocksource tsc
May 12 00:54:20 centos8101 kernel: platform rtc_cmos: registered platform RTC device (no PNP device found)
May 12 00:54:20 centos8101 kernel: Initialise system trusted keyrings
May 12 00:54:20 centos8101 kernel: Key type blacklist registered
May 12 00:54:20 centos8101 kernel: workingset: timestamp_bits=36 max_order=19 bucket_order=0
May 12 00:54:20 centos8101 kernel: zbud: loaded
May 12 00:54:20 centos8101 kernel: pstore: using deflate compression
May 12 00:54:20 centos8101 kernel: Platform Keyring initialized
May 12 00:54:20 centos8101 kernel: NET: Registered protocol family 38
May 12 00:54:20 centos8101 kernel: Key type asymmetric registered
May 12 00:54:20 centos8101 kernel: Asymmetric key parser 'x509' registered
May 12 00:54:20 centos8101 kernel: Block layer SCSI generic (bsg) driver version 0.4 loaded (major 245)
May 12 00:54:20 centos8101 kernel: io scheduler mq-deadline registered
May 12 00:54:20 centos8101 kernel: io scheduler kyber registered
May 12 00:54:20 centos8101 kernel: io scheduler bfq registered
May 12 00:54:20 centos8101 kernel: atomic64_test: passed for x86-64 platform with CX8 and with SSE
May 12 00:54:20 centos8101 kernel: shpchp: Standard Hot Plug PCI Controller Driver version: 0.4
May 12 00:54:20 centos8101 kernel: ACPI: AC Adapter [AC] (off-line)
May 12 00:54:20 centos8101 kernel: input: Power Button as /devices/LNXSYSTM:00/LNXPWRBN:00/input/input0
May 12 00:54:20 centos8101 kernel: ACPI: Power Button [PWRF]
May 12 00:54:20 centos8101 kernel: input: Sleep Button as /devices/LNXSYSTM:00/LNXSLPBN:00/input/input1
May 12 00:54:20 centos8101 kernel: ACPI: Sleep Button [SLPF]
May 12 00:54:20 centos8101 kernel: ACPI: Battery Slot [BAT0] (battery present)
May 12 00:54:20 centos8101 kernel: Serial: 8250/16550 driver, 4 ports, IRQ sharing enabled
May 12 00:54:20 centos8101 kernel: Non-volatile memory driver v1.3
May 12 00:54:20 centos8101 kernel: rdac: device handler registered
May 12 00:54:20 centos8101 kernel: hp_sw: device handler registered
May 12 00:54:20 centos8101 kernel: emc: device handler registered
May 12 00:54:20 centos8101 kernel: alua: device handler registered
May 12 00:54:20 centos8101 kernel: libphy: Fixed MDIO Bus: probed
May 12 00:54:20 centos8101 kernel: ehci_hcd: USB 2.0 'Enhanced' Host Controller (EHCI) Driver
May 12 00:54:20 centos8101 kernel: ehci-pci: EHCI PCI platform driver
May 12 00:54:20 centos8101 kernel: ohci_hcd: USB 1.1 'Open' Host Controller (OHCI) Driver
May 12 00:54:20 centos8101 kernel: ohci-pci: OHCI PCI platform driver
May 12 00:54:20 centos8101 kernel: ohci-pci 0000:00:06.0: OHCI PCI host controller
May 12 00:54:20 centos8101 kernel: ohci-pci 0000:00:06.0: new USB bus registered, assigned bus number 1
May 12 00:54:20 centos8101 kernel: ohci-pci 0000:00:06.0: irq 22, io mem 0xf1804000
May 12 00:54:20 centos8101 kernel: usb usb1: New USB device found, idVendor=1d6b, idProduct=0001, bcdDevice= 4.18
May 12 00:54:20 centos8101 kernel: usb usb1: New USB device strings: Mfr=3, Product=2, SerialNumber=1
May 12 00:54:20 centos8101 kernel: usb usb1: Product: OHCI PCI host controller
May 12 00:54:20 centos8101 kernel: usb usb1: Manufacturer: Linux 4.18.0-147.el8.x86_64 ohci_hcd
May 12 00:54:20 centos8101 kernel: usb usb1: SerialNumber: 0000:00:06.0
May 12 00:54:20 centos8101 kernel: hub 1-0:1.0: USB hub found
May 12 00:54:20 centos8101 kernel: hub 1-0:1.0: 12 ports detected
May 12 00:54:20 centos8101 kernel: uhci_hcd: USB Universal Host Controller Interface driver
May 12 00:54:20 centos8101 kernel: usbcore: registered new interface driver usbserial_generic
May 12 00:54:20 centos8101 kernel: usbserial: USB Serial support registered for generic
May 12 00:54:20 centos8101 kernel: i8042: PNP: PS/2 Controller [PNP0303:PS2K,PNP0f03:PS2M] at 0x60,0x64 irq 1,12
May 12 00:54:20 centos8101 kernel: serio: i8042 KBD port at 0x60,0x64 irq 1
May 12 00:54:20 centos8101 kernel: serio: i8042 AUX port at 0x60,0x64 irq 12
May 12 00:54:20 centos8101 kernel: mousedev: PS/2 mouse device common for all mice
May 12 00:54:20 centos8101 kernel: input: AT Translated Set 2 keyboard as /devices/platform/i8042/serio0/input/input2
May 12 00:54:20 centos8101 kernel: rtc_cmos rtc_cmos: registered as rtc0
May 12 00:54:20 centos8101 kernel: rtc_cmos rtc_cmos: alarms up to one day, 114 bytes nvram
May 12 00:54:20 centos8101 kernel: hidraw: raw HID events driver (C) Jiri Kosina
May 12 00:54:20 centos8101 kernel: usbcore: registered new interface driver usbhid
May 12 00:54:20 centos8101 kernel: usbhid: USB HID core driver
May 12 00:54:20 centos8101 kernel: drop_monitor: Initializing network drop monitor service
May 12 00:54:20 centos8101 kernel: Initializing XFRM netlink socket
May 12 00:54:20 centos8101 kernel: NET: Registered protocol family 10
May 12 00:54:20 centos8101 kernel: Segment Routing with IPv6
May 12 00:54:20 centos8101 kernel: NET: Registered protocol family 17
May 12 00:54:20 centos8101 kernel: mpls_gso: MPLS GSO support
May 12 00:54:20 centos8101 kernel: core: Using 0 MCE banks
May 12 00:54:20 centos8101 kernel: AVX2 version of gcm_enc/dec engaged.
May 12 00:54:20 centos8101 kernel: AES CTR mode by8 optimization enabled
May 12 00:54:20 centos8101 kernel: sched_clock: Marking stable (558253425, 0)->(871118400, -312864975)
May 12 00:54:20 centos8101 kernel: registered taskstats version 1
May 12 00:54:20 centos8101 kernel: Loading compiled-in X.509 certificates
May 12 00:54:20 centos8101 kernel: Loaded X.509 cert 'CentOS Linux kernel signing key: 62fbda82fd66838262339185658780cd50698acd'
May 12 00:54:20 centos8101 kernel: Loaded X.509 cert 'CentOS Linux Driver update signing key: 29bd4c0d06d2e9911044b5dc973309139b51d6d5'
May 12 00:54:20 centos8101 kernel: Loaded X.509 cert 'CentOS Linux kpatch signing key: b49f086205909dc4da2cfa99376fb191d2f09e78'
May 12 00:54:20 centos8101 kernel: zswap: loaded using pool lzo/zbud
May 12 00:54:20 centos8101 kernel: Key type big_key registered
May 12 00:54:20 centos8101 kernel: Key type encrypted registered
May 12 00:54:20 centos8101 kernel: ima: No TPM chip found, activating TPM-bypass!
May 12 00:54:20 centos8101 kernel: ima: Allocated hash algorithm: sha1
May 12 00:54:20 centos8101 kernel: evm: Initialising EVM extended attributes:
May 12 00:54:20 centos8101 kernel: evm: security.selinux
May 12 00:54:20 centos8101 kernel: evm: security.ima
May 12 00:54:20 centos8101 kernel: evm: security.capability
May 12 00:54:20 centos8101 kernel: evm: HMAC attrs: 0x1
May 12 00:54:20 centos8101 kernel: rtc_cmos rtc_cmos: setting system clock to 2020-05-12 04:54:19 UTC (1589259259)
May 12 00:54:20 centos8101 kernel: random: fast init done
May 12 00:54:20 centos8101 kernel: input: ImExPS/2 Generic Explorer Mouse as /devices/platform/i8042/serio1/input/input4
May 12 00:54:20 centos8101 kernel: Freeing unused decrypted memory: 2040K
May 12 00:54:20 centos8101 kernel: Freeing unused kernel memory: 2368K
May 12 00:54:20 centos8101 kernel: Write protecting the kernel read-only data: 18432k
May 12 00:54:20 centos8101 kernel: Freeing unused kernel memory: 2020K
May 12 00:54:20 centos8101 kernel: Freeing unused kernel memory: 316K
May 12 00:54:20 centos8101 systemd[1]: systemd 239 running in system mode. (+PAM +AUDIT +SELINUX +IMA -APPARMOR +SMACK +SYSVINIT +UTMP +LIBCRYPTSETUP +GCRYPT +GNUTLS +ACL +XZ +LZ4 +SECCOMP +BLKID +ELFUTILS +KMOD +IDN2 -IDN +PCRE2 default-hierarchy=legacy)
May 12 00:54:20 centos8101 systemd[1]: Detected virtualization oracle.
May 12 00:54:20 centos8101 systemd[1]: Detected architecture x86-64.
May 12 00:54:20 centos8101 systemd[1]: Running in initial RAM disk.
May 12 00:54:20 centos8101 systemd[1]: Set hostname to <localhost.localdomain>.
May 12 00:54:20 centos8101 kernel: random: systemd: uninitialized urandom read (16 bytes read)
May 12 00:54:20 centos8101 systemd[1]: Reached target Timers.
May 12 00:54:20 centos8101 kernel: random: systemd: uninitialized urandom read (16 bytes read)
May 12 00:54:20 centos8101 systemd[1]: Created slice system-systemd\x2dhibernate\x2dresume.slice.
May 12 00:54:20 centos8101 kernel: random: systemd: uninitialized urandom read (16 bytes read)
May 12 00:54:20 centos8101 systemd[1]: Listening on udev Control Socket.
May 12 00:54:20 centos8101 systemd[1]: Listening on Journal Socket (/dev/log).
May 12 00:54:20 centos8101 systemd[1]: Listening on Journal Socket.
May 12 00:54:20 centos8101 systemd-journald[182]: Journal started
May 12 00:54:20 centos8101 systemd-journald[182]: Runtime journal (/run/log/journal/9b0631ee2e5e45b7a51a4820c2083417) is 8.0M, max 91.4M, 83.4M free.
May 12 00:54:20 centos8101 rngd[185]: Initalizing available sources
May 12 00:54:20 centos8101 rngd[185]: Failed to init entropy source hwrng
May 12 00:54:20 centos8101 rngd[185]: Enabling RDSEED rng support
May 12 00:54:20 centos8101 rngd[185]: Initalizing entropy source rdrand
May 12 00:54:20 centos8101 dracut-cmdline[196]: dracut-8 (Core) dracut-049-27.git20190906.el8
May 12 00:54:20 centos8101 dracut-cmdline[196]: Using kernel command line parameters: BOOT_IMAGE=(hd0,msdos1)/vmlinuz-4.18.0-147.el8.x86_64 root=/dev/mapper/cl-root ro crashkernel=auto resume=/dev/mapper/cl-swap rd.lvm.lv=cl/root rd.lvm.lv=cl/swap rhgb quiet
May 12 00:54:20 centos8101 systemd[1]: Started dracut cmdline hook.
May 12 00:54:20 centos8101 systemd[1]: Starting dracut pre-udev hook...
May 12 00:54:20 centos8101 kernel: device-mapper: uevent: version 1.0.3
May 12 00:54:20 centos8101 kernel: device-mapper: ioctl: 4.39.0-ioctl (2018-04-03) initialised: dm-devel@redhat.com
May 12 00:54:20 centos8101 systemd[1]: Started dracut pre-udev hook.
May 12 00:54:20 centos8101 systemd[1]: Starting udev Kernel Device Manager...
May 12 00:54:21 centos8101 systemd[1]: Started udev Kernel Device Manager.
May 12 00:54:21 centos8101 systemd[1]: Starting udev Coldplug all Devices...
May 12 00:54:21 centos8101 systemd[1]: Mounting Kernel Configuration File System...
May 12 00:54:21 centos8101 systemd[1]: Mounted Kernel Configuration File System.
May 12 00:54:21 centos8101 systemd[1]: Started udev Coldplug all Devices.
May 12 00:54:21 centos8101 systemd[1]: Starting Show Plymouth Boot Screen...
May 12 00:54:21 centos8101 systemd[1]: Starting dracut initqueue hook...
May 12 00:54:21 centos8101 kernel: e1000: Intel(R) PRO/1000 Network Driver - version 7.3.21-k8-NAPI
May 12 00:54:21 centos8101 kernel: e1000: Copyright (c) 1999-2006 Intel Corporation.
May 12 00:54:21 centos8101 kernel: e1000: E1000 MODULE IS NOT SUPPORTED
May 12 00:54:21 centos8101 systemd[1]: Started Show Plymouth Boot Screen.
May 12 00:54:21 centos8101 systemd[1]: Reached target Paths.
May 12 00:54:21 centos8101 systemd[1]: Started Forward Password Requests to Plymouth Directory Watch.
May 12 00:54:21 centos8101 kernel: scsi host0: ata_piix
May 12 00:54:21 centos8101 kernel: ahci 0000:00:0d.0: SSS flag set, parallel bus scan disabled
May 12 00:54:21 centos8101 kernel: ahci 0000:00:0d.0: AHCI 0001.0100 32 slots 1 ports 3 Gbps 0x1 impl SATA mode
May 12 00:54:21 centos8101 kernel: ahci 0000:00:0d.0: flags: 64bit ncq stag only ccc 
May 12 00:54:21 centos8101 kernel: scsi host1: ata_piix
May 12 00:54:21 centos8101 kernel: ata1: PATA max UDMA/33 cmd 0x1f0 ctl 0x3f6 bmdma 0xd000 irq 14
May 12 00:54:21 centos8101 kernel: ata2: PATA max UDMA/33 cmd 0x170 ctl 0x376 bmdma 0xd008 irq 15
May 12 00:54:21 centos8101 kernel: scsi host2: ahci
May 12 00:54:21 centos8101 kernel: ata3: SATA max UDMA/133 abar m8192@0xf1806000 port 0xf1806100 irq 21
May 12 00:54:21 centos8101 systemd-udevd[358]: link_config: autonegotiation is unset or enabled, the speed and duplex are not writable.
May 12 00:54:21 centos8101 kernel: ata2.00: ATAPI: VBOX CD-ROM, 1.0, max UDMA/133
May 12 00:54:21 centos8101 kernel: scsi 1:0:0:0: CD-ROM            VBOX     CD-ROM           1.0  PQ: 0 ANSI: 5
May 12 00:54:21 centos8101 kernel: [drm] DMA map mode: Caching DMA mappings.
May 12 00:54:21 centos8101 kernel: [drm] Capabilities:
May 12 00:54:21 centos8101 kernel: [drm]   Cursor.
May 12 00:54:21 centos8101 kernel: [drm]   Cursor bypass 2.
May 12 00:54:21 centos8101 kernel: [drm]   Alpha cursor.
May 12 00:54:21 centos8101 kernel: [drm]   3D.
May 12 00:54:21 centos8101 kernel: [drm]   Extended Fifo.
May 12 00:54:21 centos8101 kernel: [drm]   Pitchlock.
May 12 00:54:21 centos8101 kernel: [drm]   Irq mask.
May 12 00:54:21 centos8101 kernel: [drm]   GMR.
May 12 00:54:21 centos8101 kernel: [drm]   Traces.
May 12 00:54:21 centos8101 kernel: [drm]   GMR2.
May 12 00:54:21 centos8101 kernel: [drm]   Screen Object 2.
May 12 00:54:21 centos8101 kernel: [drm] Max GMR ids is 8192
May 12 00:54:21 centos8101 kernel: [drm] Max number of GMR pages is 1048576
May 12 00:54:21 centos8101 kernel: [drm] Max dedicated hypervisor surface memory is 507904 kiB
May 12 00:54:21 centos8101 kernel: [drm] Maximum display memory size is 16384 kiB
May 12 00:54:21 centos8101 kernel: [drm] VRAM at 0xf0000000 size is 16384 kiB
May 12 00:54:21 centos8101 kernel: [drm] MMIO at 0xf1000000 size is 2048 kiB
May 12 00:54:21 centos8101 kernel: [TTM] Zone  kernel: Available graphics memory: 936648 kiB
May 12 00:54:21 centos8101 kernel: [TTM] Initializing pool allocator
May 12 00:54:21 centos8101 kernel: [TTM] Initializing DMA pool allocator
May 12 00:54:21 centos8101 kernel: [drm] Supports vblank timestamp caching Rev 2 (21.10.2013).
May 12 00:54:21 centos8101 kernel: [drm] No driver support for vblank timestamp query.
May 12 00:54:21 centos8101 kernel: [drm] Screen Objects Display Unit initialized
May 12 00:54:21 centos8101 kernel: [drm] width 0
May 12 00:54:21 centos8101 kernel: [drm] height 0
May 12 00:54:21 centos8101 kernel: [drm] bpp 32
May 12 00:54:21 centos8101 kernel: [drm] Fifo max 0x00200000 min 0x00001000 cap 0x00000355
May 12 00:54:21 centos8101 kernel: [drm] DX: no.
May 12 00:54:21 centos8101 kernel: [drm] Atomic: yes.
May 12 00:54:21 centos8101 kernel: [drm] SM4_1: no.
May 12 00:54:21 centos8101 kernel: [drm:vmw_host_log [vmwgfx]] *ERROR* Failed to send host log message.
May 12 00:54:21 centos8101 kernel: [drm:vmw_host_log [vmwgfx]] *ERROR* Failed to send host log message.
May 12 00:54:21 centos8101 kernel: fbcon: svgadrmfb (fb0) is primary device
May 12 00:54:21 centos8101 kernel: Console: switching to colour frame buffer device 100x37
May 12 00:54:21 centos8101 kernel: [drm] Initialized vmwgfx 2.15.0 20180704 for 0000:00:02.0 on minor 0
May 12 00:54:21 centos8101 kernel: ata3: SATA link up 3.0 Gbps (SStatus 123 SControl 300)
May 12 00:54:21 centos8101 kernel: ata3.00: ATA-6: VBOX HARDDISK, 1.0, max UDMA/133
May 12 00:54:21 centos8101 kernel: ata3.00: 33554432 sectors, multi 128: LBA48 NCQ (depth 32)
May 12 00:54:21 centos8101 kernel: ata3.00: configured for UDMA/133
May 12 00:54:21 centos8101 kernel: scsi 2:0:0:0: Direct-Access     ATA      VBOX HARDDISK    1.0  PQ: 0 ANSI: 5
May 12 00:54:21 centos8101 systemd-udevd[359]: Process '/sbin/modprobe -bv sg' failed with exit code 1.
May 12 00:54:21 centos8101 systemd-udevd[356]: Process '/sbin/modprobe -bv sg' failed with exit code 1.
May 12 00:54:21 centos8101 systemd-udevd[359]: Process '/sbin/modprobe -bv sg' failed with exit code 1.
May 12 00:54:21 centos8101 systemd-udevd[356]: Process '/sbin/modprobe -bv sg' failed with exit code 1.
May 12 00:54:21 centos8101 kernel: sr 1:0:0:0: [sr0] scsi3-mmc drive: 32x/32x xa/form2 tray
May 12 00:54:21 centos8101 kernel: cdrom: Uniform CD-ROM driver Revision: 3.20
May 12 00:54:21 centos8101 kernel: sd 2:0:0:0: [sda] 33554432 512-byte logical blocks: (17.2 GB/16.0 GiB)
May 12 00:54:21 centos8101 kernel: sd 2:0:0:0: [sda] Write Protect is off
May 12 00:54:21 centos8101 kernel: sd 2:0:0:0: [sda] Write cache: enabled, read cache: enabled, doesn't support DPO or FUA
May 12 00:54:21 centos8101 kernel: sda: sda1 sda2
May 12 00:54:21 centos8101 kernel: sd 2:0:0:0: [sda] Attached SCSI disk
May 12 00:54:21 centos8101 systemd-udevd[356]: Process '/sbin/modprobe -bv sg' failed with exit code 1.
May 12 00:54:21 centos8101 systemd-udevd[359]: Process '/sbin/modprobe -bv sg' failed with exit code 1.
May 12 00:54:22 centos8101 kernel: e1000 0000:00:03.0 eth0: (PCI:33MHz:32-bit) 08:00:27:a3:34:f7
May 12 00:54:22 centos8101 kernel: e1000 0000:00:03.0 eth0: Intel(R) PRO/1000 Network Connection
May 12 00:54:22 centos8101 systemd-udevd[361]: link_config: autonegotiation is unset or enabled, the speed and duplex are not writable.
May 12 00:54:22 centos8101 kernel: e1000 0000:00:03.0 enp0s3: renamed from eth0
May 12 00:54:22 centos8101 dracut-initqueue[364]: Scanning devices sda2  for LVM logical volumes cl/root cl/swap
May 12 00:54:22 centos8101 dracut-initqueue[364]: inactive '/dev/cl/swap' [1.60 GiB] inherit
May 12 00:54:22 centos8101 dracut-initqueue[364]: inactive '/dev/cl/root' [13.39 GiB] inherit
May 12 00:54:22 centos8101 systemd[1]: Found device /dev/mapper/cl-root.
May 12 00:54:22 centos8101 systemd[1]: Reached target Initrd Root Device.
May 12 00:54:22 centos8101 systemd[1]: Found device /dev/mapper/cl-swap.
May 12 00:54:22 centos8101 systemd[1]: Starting Resume from hibernation using device /dev/mapper/cl-swap...
May 12 00:54:22 centos8101 systemd-hibernate-resume[523]: Could not resume from '/dev/mapper/cl-swap' (253:1).
May 12 00:54:22 centos8101 systemd[1]: Started Resume from hibernation using device /dev/mapper/cl-swap.
May 12 00:54:22 centos8101 systemd[1]: Reached target Local File Systems (Pre).
May 12 00:54:22 centos8101 systemd[1]: Reached target Local File Systems.
May 12 00:54:22 centos8101 systemd[1]: Starting Create Volatile Files and Directories...
May 12 00:54:22 centos8101 systemd[1]: Started Create Volatile Files and Directories.
May 12 00:54:22 centos8101 systemd[1]: Reached target System Initialization.
May 12 00:54:22 centos8101 systemd[1]: Reached target Basic System.
May 12 00:54:22 centos8101 systemd[1]: Started dracut initqueue hook.
May 12 00:54:22 centos8101 systemd[1]: Reached target Remote File Systems (Pre).
May 12 00:54:22 centos8101 systemd[1]: Reached target Remote File Systems.
May 12 00:54:22 centos8101 systemd[1]: Starting File System Check on /dev/mapper/cl-root...
May 12 00:54:22 centos8101 systemd-fsck[532]: /usr/sbin/fsck.xfs: XFS file system.
May 12 00:54:22 centos8101 systemd[1]: Started File System Check on /dev/mapper/cl-root.
May 12 00:54:22 centos8101 systemd[1]: Mounting /sysroot...
May 12 00:54:22 centos8101 kernel: SGI XFS with ACLs, security attributes, no debug enabled
May 12 00:54:22 centos8101 kernel: XFS (dm-0): Mounting V5 Filesystem
May 12 00:54:22 centos8101 kernel: XFS (dm-0): Starting recovery (logdev: internal)
May 12 00:54:22 centos8101 kernel: XFS (dm-0): Ending recovery (logdev: internal)
May 12 00:54:22 centos8101 systemd[1]: Mounted /sysroot.
May 12 00:54:22 centos8101 systemd[1]: Reached target Initrd Root File System.
May 12 00:54:22 centos8101 systemd[1]: Starting Reload Configuration from the Real Root...
May 12 00:54:22 centos8101 systemd[1]: Reloading.
May 12 00:54:22 centos8101 systemd[1]: Started Reload Configuration from the Real Root.
May 12 00:54:22 centos8101 systemd[1]: Reached target Initrd File Systems.
May 12 00:54:22 centos8101 systemd[1]: Reached target Initrd Default Target.
May 12 00:54:22 centos8101 systemd[1]: Starting dracut pre-pivot and cleanup hook...
May 12 00:54:22 centos8101 systemd[1]: Started dracut pre-pivot and cleanup hook.
May 12 00:54:22 centos8101 systemd[1]: Starting Cleaning Up and Shutting Down Daemons...
May 12 00:54:22 centos8101 systemd[1]: Starting Plymouth switch root service...
May 12 00:54:22 centos8101 systemd[1]: Stopped dracut pre-pivot and cleanup hook.
May 12 00:54:22 centos8101 systemd[1]: Stopped target Initrd Default Target.
May 12 00:54:22 centos8101 systemd[1]: Stopped target Timers.
May 12 00:54:22 centos8101 systemd[1]: Stopped target Basic System.
May 12 00:54:22 centos8101 systemd[1]: Stopped target System Initialization.
May 12 00:54:22 centos8101 systemd[1]: Stopped Create Volatile Files and Directories.
May 12 00:54:22 centos8101 systemd[1]: Stopped target Local File Systems.
May 12 00:54:22 centos8101 systemd[1]: Stopped target Local File Systems (Pre).
May 12 00:54:22 centos8101 systemd[1]: Stopped target Slices.
May 12 00:54:22 centos8101 systemd[1]: Stopped Apply Kernel Variables.
May 12 00:54:22 centos8101 systemd[1]: Stopped target Sockets.
May 12 00:54:22 centos8101 systemd[1]: Stopped target Initrd Root Device.
May 12 00:54:22 centos8101 systemd[1]: Stopped target Remote File Systems.
May 12 00:54:22 centos8101 systemd[1]: Stopped target Remote File Systems (Pre).
May 12 00:54:22 centos8101 systemd[1]: Starting Setup Virtual Console...
May 12 00:54:22 centos8101 systemd[1]: Stopped target Paths.
May 12 00:54:22 centos8101 systemd[1]: Stopped dracut initqueue hook.
May 12 00:54:22 centos8101 systemd[1]: Stopping udev Kernel Device Manager...
May 12 00:54:22 centos8101 systemd[1]: Stopped udev Coldplug all Devices.
May 12 00:54:22 centos8101 systemd[1]: Stopped target Swap.
May 12 00:54:22 centos8101 systemd[1]: Stopped udev Kernel Device Manager.
May 12 00:54:22 centos8101 systemd[1]: Started Cleaning Up and Shutting Down Daemons.
May 12 00:54:22 centos8101 systemd[1]: Stopping Hardware RNG Entropy Gatherer Daemon...
May 12 00:54:22 centos8101 systemd[1]: Stopped Create Static Device Nodes in /dev.
May 12 00:54:22 centos8101 systemd[1]: Stopped Create list of required static device nodes for the current kernel.
May 12 00:54:22 centos8101 systemd[1]: Stopped dracut pre-udev hook.
May 12 00:54:22 centos8101 systemd[1]: Stopped dracut cmdline hook.
May 12 00:54:22 centos8101 systemd[1]: Closed udev Control Socket.
May 12 00:54:22 centos8101 systemd[1]: Closed udev Kernel Socket.
May 12 00:54:22 centos8101 systemd[1]: Starting Cleanup udevd DB...
May 12 00:54:22 centos8101 systemd[1]: Stopped Hardware RNG Entropy Gatherer Daemon.
May 12 00:54:22 centos8101 systemd[1]: Started Plymouth switch root service.
May 12 00:54:22 centos8101 systemd[1]: Started Cleanup udevd DB.
May 12 00:54:22 centos8101 systemd[1]: Started Setup Virtual Console.
May 12 00:54:22 centos8101 systemd[1]: Reached target Switch Root.
May 12 00:54:22 centos8101 systemd[1]: Starting Switch Root...
May 12 00:54:22 centos8101 systemd[1]: Switching root.
May 12 00:54:22 centos8101 systemd-journald[182]: Journal stopped
May 12 00:54:23 centos8101 systemd-journald[182]: Received SIGTERM from PID 1 (systemd).
May 12 00:54:23 centos8101 kernel: systemd: 16 output lines suppressed due to ratelimiting
May 12 00:54:23 centos8101 kernel: SELinux:  Disabled at runtime.
May 12 00:54:23 centos8101 kernel: audit: type=1404 audit(1589259262.924:2): enforcing=0 old_enforcing=0 auid=4294967295 ses=4294967295 enabled=0 old-enabled=1 lsm=selinux res=1
May 12 00:54:23 centos8101 systemd[1]: systemd 239 running in system mode. (+PAM +AUDIT +SELINUX +IMA -APPARMOR +SMACK +SYSVINIT +UTMP +LIBCRYPTSETUP +GCRYPT +GNUTLS +ACL +XZ +LZ4 +SECCOMP +BLKID +ELFUTILS +KMOD +IDN2 -IDN +PCRE2 default-hierarchy=legacy)
May 12 00:54:23 centos8101 systemd[1]: Detected virtualization oracle.
May 12 00:54:23 centos8101 systemd[1]: Detected architecture x86-64.
May 12 00:54:23 centos8101 systemd[1]: Set hostname to <centos8101>.
May 12 00:54:23 centos8101 systemd[1]: Stopped Switch Root.
May 12 00:54:23 centos8101 systemd[1]: systemd-journald.service: Service has no hold-off time (RestartSec=0), scheduling restart.
May 12 00:54:23 centos8101 systemd[1]: systemd-journald.service: Scheduled restart job, restart counter is at 1.
May 12 00:54:23 centos8101 systemd[1]: Stopped Journal Service.
May 12 00:54:23 centos8101 systemd[1]: Starting Journal Service...
May 12 00:54:23 centos8101 systemd[1]: Created slice system-getty.slice.
May 12 00:54:23 centos8101 kernel: Adding 1679356k swap on /dev/mapper/cl-swap.  Priority:-2 extents:1 across:1679356k FS
May 12 00:54:23 centos8101 kernel: random: crng init done
May 12 00:54:23 centos8101 kernel: random: 7 urandom warning(s) missed due to ratelimiting
May 12 00:54:23 centos8101 systemd-journald[656]: Journal started
May 12 00:54:23 centos8101 systemd-journald[656]: Runtime journal (/run/log/journal/9b0631ee2e5e45b7a51a4820c2083417) is 8.0M, max 91.4M, 83.4M free.
May 12 00:54:23 centos8101 systemd-tmpfiles[682]: [/usr/lib/tmpfiles.d/mdadm.conf:1] Line references path below legacy directory /var/run/, updating /var/run/mdadm → /run/mdadm; please update the tmpfiles.d/ drop-in file accordingly.
May 12 00:54:23 centos8101 systemd-tmpfiles[682]: [/usr/lib/tmpfiles.d/pesign.conf:1] Line references path below legacy directory /var/run/, updating /var/run/pesign → /run/pesign; please update the tmpfiles.d/ drop-in file accordingly.
May 12 00:54:23 centos8101 systemd-tmpfiles[682]: [/usr/lib/tmpfiles.d/radvd.conf:1] Line references path below legacy directory /var/run/, updating /var/run/radvd → /run/radvd; please update the tmpfiles.d/ drop-in file accordingly.
May 12 00:54:23 centos8101 systemd[1]: Starting Flush Journal to Persistent Storage...
May 12 00:54:23 centos8101 systemd-journald[656]: Runtime journal (/run/log/journal/9b0631ee2e5e45b7a51a4820c2083417) is 8.0M, max 91.4M, 83.4M free.
May 12 00:54:23 centos8101 systemd[1]: Started Flush Journal to Persistent Storage.
May 12 00:54:23 centos8101 systemd[1]: Started udev Kernel Device Manager.
May 12 00:54:23 centos8101 kernel: ACPI: Video Device [GFX0] (multi-head: yes  rom: no  post: no)
May 12 00:54:23 centos8101 kernel: input: Video Bus as /devices/LNXSYSTM:00/LNXSYBUS:00/PNP0A03:00/LNXVIDEO:00/input/input5
May 12 00:54:23 centos8101 kernel: piix4_smbus 0000:00:07.0: SMBus Host Controller at 0x4100, revision 0
May 12 00:54:23 centos8101 kernel: sr 1:0:0:0: Attached scsi generic sg0 type 5
May 12 00:54:23 centos8101 kernel: sd 2:0:0:0: Attached scsi generic sg1 type 0
May 12 00:54:23 centos8101 systemd-udevd[699]: link_config: autonegotiation is unset or enabled, the speed and duplex are not writable.
May 12 00:54:23 centos8101 kernel: input: PC Speaker as /devices/platform/pcspkr/input/input6
May 12 00:54:24 centos8101 kernel: RAPL PMU: API unit is 2^-32 Joules, 5 fixed counters, 10737418240 ms ovfl timer
May 12 00:54:24 centos8101 kernel: RAPL PMU: hw unit of domain pp0-core 2^-0 Joules
May 12 00:54:24 centos8101 kernel: RAPL PMU: hw unit of domain package 2^-0 Joules
May 12 00:54:24 centos8101 kernel: RAPL PMU: hw unit of domain dram 2^-0 Joules
May 12 00:54:24 centos8101 kernel: RAPL PMU: hw unit of domain pp1-gpu 2^-0 Joules
May 12 00:54:24 centos8101 kernel: RAPL PMU: hw unit of domain psys 2^-0 Joules
May 12 00:54:24 centos8101 systemd[1]: Created slice system-lvm2\x2dpvscan.slice.
May 12 00:54:24 centos8101 systemd[1]: Starting LVM event activation on device 8:2...
May 12 00:54:24 centos8101 kernel: intel_pmc_core:  initialized
May 12 00:54:24 centos8101 lvm[658]:  2 logical volume(s) in volume group "cl" monitored
May 12 00:54:24 centos8101 systemd[1]: Started Monitoring of LVM2 mirrors, snapshots etc. using dmeventd or progress polling.
May 12 00:54:24 centos8101 systemd-udevd[697]: link_config: autonegotiation is unset or enabled, the speed and duplex are not writable.
May 12 00:54:24 centos8101 lvm[728]:  pvscan[728] PV /dev/sda2 online, VG cl is complete.
May 12 00:54:24 centos8101 lvm[728]:  pvscan[728] VG cl run autoactivation.
May 12 00:54:24 centos8101 lvm[728]:  2 logical volume(s) in volume group "cl" now active
May 12 00:54:24 centos8101 systemd[1]: Started LVM event activation on device 8:2.
May 12 00:54:25 centos8101 kernel: snd_intel8x0 0000:00:05.0: white list rate for 1028:0177 is 48000
May 12 00:54:25 centos8101 systemd[1]: Started udev Wait for Complete Device Initialization.
May 12 00:54:25 centos8101 systemd[1]: Reached target Local File Systems (Pre).
May 12 00:54:25 centos8101 systemd[1]: Starting File System Check on /dev/disk/by-uuid/c732df98-cac1-4a51-a573-85bbb59492c9...
May 12 00:54:25 centos8101 systemd-fsck[798]: /dev/sda1: recovering journal
May 12 00:54:25 centos8101 systemd-fsck[798]: /dev/sda1: clean, 309/65536 files, 48854/262144 blocks
May 12 00:54:25 centos8101 systemd[1]: Started File System Check on /dev/disk/by-uuid/c732df98-cac1-4a51-a573-85bbb59492c9.
May 12 00:54:25 centos8101 systemd[1]: Mounting /boot...
May 12 00:54:26 centos8101 systemd[1]: Mounted /boot.
May 12 00:54:26 centos8101 systemd[1]: Reached target Local File Systems.
May 12 00:54:26 centos8101 systemd[1]: Starting Tell Plymouth To Write Out Runtime Data...
May 12 00:54:26 centos8101 systemd[1]: Starting Import network configuration from initramfs...
May 12 00:54:26 centos8101 systemd[1]: Starting Restore /run/initramfs on shutdown...
May 12 00:54:26 centos8101 kernel: EXT4-fs (sda1): mounted filesystem with ordered data mode. Opts: (null)
May 12 00:54:26 centos8101 systemd[1]: Started Restore /run/initramfs on shutdown.
May 12 00:54:26 centos8101 systemd[1]: Started Tell Plymouth To Write Out Runtime Data.
May 12 00:54:26 centos8101 systemd[1]: Started Import network configuration from initramfs.
May 12 00:54:26 centos8101 systemd[1]: Starting Create Volatile Files and Directories...
May 12 00:54:26 centos8101 systemd-tmpfiles[834]: [/usr/lib/tmpfiles.d/mdadm.conf:1] Line references path below legacy directory /var/run/, updating /var/run/mdadm → /run/mdadm; please update the tmpfiles.d/ drop-in file accordingly.
May 12 00:54:26 centos8101 systemd-tmpfiles[834]: [/usr/lib/tmpfiles.d/pesign.conf:1] Line references path below legacy directory /var/run/, updating /var/run/pesign → /run/pesign; please update the tmpfiles.d/ drop-in file accordingly.
May 12 00:54:26 centos8101 systemd-tmpfiles[834]: [/usr/lib/tmpfiles.d/radvd.conf:1] Line references path below legacy directory /var/run/, updating /var/run/radvd → /run/radvd; please update the tmpfiles.d/ drop-in file accordingly.
May 12 00:54:26 centos8101 systemd[1]: Started Create Volatile Files and Directories.
May 12 00:54:26 centos8101 systemd[1]: Starting RPC Bind...
May 12 00:54:26 centos8101 systemd[1]: Starting Security Auditing Service...
May 12 00:54:26 centos8101 systemd[1]: Mounting RPC Pipe File System...
May 12 00:54:26 centos8101 auditd[841]: audit dispatcher initialized with q_depth=400 and 1 active plugins
May 12 00:54:26 centos8101 auditd[841]: Init complete, auditd 3.0 listening for events (startup state enable)
May 12 00:54:26 centos8101 systemd[1]: Started RPC Bind.
May 12 00:54:26 centos8101 kernel: RPC: Registered named UNIX socket transport module.
May 12 00:54:26 centos8101 kernel: RPC: Registered udp transport module.
May 12 00:54:26 centos8101 kernel: RPC: Registered tcp transport module.
May 12 00:54:26 centos8101 kernel: RPC: Registered tcp NFSv4.1 backchannel transport module.
May 12 00:54:26 centos8101 systemd[1]: Mounted RPC Pipe File System.
May 12 00:54:26 centos8101 systemd[1]: Reached target rpc_pipefs.target.
May 12 00:54:26 centos8101 augenrules[846]: /sbin/augenrules: No change
May 12 00:54:26 centos8101 augenrules[846]: No rules
May 12 00:54:26 centos8101 augenrules[846]: enabled 1
May 12 00:54:26 centos8101 augenrules[846]: failure 1
May 12 00:54:26 centos8101 augenrules[846]: pid 841
May 12 00:54:26 centos8101 augenrules[846]: rate_limit 0
May 12 00:54:26 centos8101 augenrules[846]: backlog_limit 8192
May 12 00:54:26 centos8101 augenrules[846]: lost 0
May 12 00:54:26 centos8101 augenrules[846]: backlog 1
May 12 00:54:26 centos8101 augenrules[846]: backlog_wait_time 60000
May 12 00:54:26 centos8101 augenrules[846]: enabled 1
May 12 00:54:26 centos8101 augenrules[846]: failure 1
May 12 00:54:26 centos8101 augenrules[846]: pid 841
May 12 00:54:26 centos8101 augenrules[846]: rate_limit 0
May 12 00:54:26 centos8101 augenrules[846]: backlog_limit 8192
May 12 00:54:26 centos8101 augenrules[846]: lost 0
