MemTotal:        1873296 kB
MemFree:          105940 kB
MemAvailable:     387640 kB
Buffers:            2164 kB
Cached:           391728 kB
SwapCached:        33368 kB
Active:           806912 kB
Inactive:         650016 kB
Active(anon):     539988 kB
Inactive(anon):   533176 kB
Active(file):     266924 kB
Inactive(file):   116840 kB
Unevictable:           0 kB
Mlocked:               0 kB
SwapTotal:       1679356 kB
SwapFree:        1293052 kB
Dirty:               232 kB
Writeback:             0 kB
AnonPages:       1036372 kB
Mapped:           137484 kB
Shmem:             10128 kB
KReclaimable:      57860 kB
Slab:             132652 kB
SReclaimable:      57860 kB
SUnreclaim:        74792 kB
KernelStack:       12576 kB
PageTables:        74224 kB
NFS_Unstable:          0 kB
Bounce:                0 kB
WritebackTmp:          0 kB
CommitLimit:     2616004 kB
Committed_AS:    7174616 kB
VmallocTotal:   34359738367 kB
VmallocUsed:           0 kB
VmallocChunk:          0 kB
HardwareCorrupted:     0 kB
AnonHugePages:    536576 kB
ShmemHugePages:        0 kB
ShmemPmdMapped:        0 kB
HugePages_Total:       0
HugePages_Free:        0
HugePages_Rsvd:        0
HugePages_Surp:        0
Hugepagesize:       2048 kB
Hugetlb:               0 kB
DirectMap4k:      239552 kB
DirectMap2M:     1857536 kB
